[backblue.gif]
[fade.gif]
[index.html]
[www.eact.eu/Core/Images/favicon/apple-icon-57x57.png]
[www.eact.eu/Core/Images/favicon/apple-icon-60x60.png]
[www.eact.eu/Core/Images/favicon/apple-icon-72x72.png]
[www.eact.eu/Core/Images/favicon/apple-icon-76x76.png]
[www.eact.eu/Core/Images/favicon/apple-icon-114x114.png]
[www.eact.eu/Core/Images/favicon/apple-icon-120x120.png]
[www.eact.eu/Core/Images/favicon/apple-icon-144x144.png]
[www.eact.eu/Core/Images/favicon/apple-icon-152x152.png]
[www.eact.eu/Core/Images/favicon/apple-icon-180x180.png]
[www.eact.eu/Core/Images/favicon/android-icon-192x192.png]
[www.eact.eu/Core/Images/favicon/favicon-32x32.png]
[www.eact.eu/Core/Images/favicon/favicon-96x96.png]
[www.eact.eu/Core/Images/favicon/favicon-16x16.png]
[www.eact.eu/Core/Images/favicon/manifest.json]
[www.eact.eu/Core/Images/favicon/ms-icon-144x144.png]
[use.typekit.net/ets1vbu.js]
[cse.google.com/f095b.txt]
[use.fontawesome.com/952339410b.js]
[www.google.com/recaptcha/api.js]
[www.google-analytics.com/analytics.js]
[www.eact.eu/Core/Images/Logos/EACT-Logo_White_August17.png]
[www.eact.eu/Core/Images/Carousel/eact-slide.jpg]
[eact.eu/Core/Images/people/Francois-Masquelier_300x450.jpg]
[www.eact.eu/Core/Images/Carousel/summit-23-1920x400.jpg]
[eact.eu/Core/Images/Summit/summit-2024-icon.jpg]
[www.eact.eu/Core/Images/Articles/GLEIF-Article-EACT(1198x1249).png]
[www.eact.eu/Core/Images/Articles/EACT-LKSG-Article(1198x249).png]
[www.eact.eu/Core/Images/connect-with-members-associations-russia.png]
[www.eact.eu/Core/JS/eact_build.min3860.js]
[www.eact.eu/Core/JS/core.minffaf.js]
[www.eact.eu/index.html]
[www.eact.eu/Core/fonts/glyphicons-halflings-regular.eot]
[www.eact.eu/Core/fonts/glyphicons-halflings-regulard41d.eot]
[www.eact.eu/Core/fonts/glyphicons-halflings-regular.woff2]
[www.eact.eu/Core/fonts/glyphicons-halflings-regular.woff]
[www.eact.eu/Core/fonts/glyphicons-halflings-regular.ttf]
[www.eact.eu/Core/CSS/eact_build.min.css]
[www.eact.eu/Core/Images/bg.png]
[www.eact.eu/Core/Images/NTA/Test.png]
[www.eact.eu/Core/CSS/coreb232.css]
[www.eact.eu/Core/Images/NTA/Members/Francois-Masquelier_200sq.png]
[www.eact.eu/Core/Images/NTA/Members/Karen-van-den-Driessche.jpg]
[www.eact.eu/Core/Images/NTA/Members/jan-martin.jpg]
[www.eact.eu/Core/Images/NTA/Members/Jean-Claude-Climeau_pic_200sq.jpg]
[www.eact.eu/Core/Images/NTA/Members/Aleksandra-Filipowicz.jpg]
[www.eact.eu/Core/Images/NTA/Members/ArmandKaali-Nagy-edit.png]
[www.eact.eu/Core/Images/NTA/Members/EACT-DavorO.jpg]
[www.eact.eu/Core/Images/NTA/Members/Ivan-Haco.jpg]
[www.eact.eu/Core/Images/NTA/Members/Latti_Ari-Pekka_FACT_300w.jpg]
[www.eact.eu/Core/Images/NTA/Members/Helmut_Schnabel.jpg]
[www.eact.eu/Core/Images/NTA/Members/Woelk_ThomasA-Douglas_200sq.jpg]
[www.eact.eu/Core/Images/NTA/Members/HAT-Alexandros-Koliavras_Nov23_500w.png]
[www.eact.eu/Core/Images/NTA/Members/Tamas-Onody.jpg]
[www.eact.eu/Core/Images/NTA/Members/JohnGilsenan_200sq.jpg]
[www.eact.eu/Core/Images/NTA/Members/Massimo-Battistella.jpg]
[www.eact.eu/Core/Images/NTA/Members/fabrizio-dicembre-atel.jpg]
[www.eact.eu/Core/Images/NTA/Members/Erwin-Bastianen_200sq.png]
[www.eact.eu/Core/Images/NTA/Members/Stefan-Frangulea-sq2.jpg]
[www.eact.eu/Core/Images/NTA/Members/Andrej-Revay_23.jpg]
[www.eact.eu/Core/Images/NTA/Members/Klaudija-Javornik-SCTA.jpg]
[www.eact.eu/Core/Images/NTA/Members/Jose-Carlos-Cuevas-de-Migue.jpg]
[www.eact.eu/Core/Images/NTA/Members/SACT_Henrik_Welch_photo.jpg]
[www.eact.eu/Core/Images/NTA/Members/Guillermo-de-la-Fuente_400sq.png]
[www.eact.eu/Core/Images/NTA/Members/Annette-Spencer(400x400).png]
[www.eact.eu/about.html]
[www.eact.eu/Core/JS/Map/raphael-min.js]
[www.eact.eu/Core/JS/Map/map_settings.js]
[www.eact.eu/Core/JS/Map/map.js]
[www.eact.eu/nta.html]
[www.eact.eu/Core/Images/Articles/CMU_EACT-Article(1198x249).png]
[www.eact.eu/Core/Images/Articles/Corporate-Treasurers-Priorities-2024(1198x249).png]
[www.eact.eu/Core/Images/Articles/EACT_Counterparty-Risk(1198x249).png]
[www.eact.eu/Core/Images/Articles/DACT-events(1198x249).png]
[www.eact.eu/Core/Images/Articles/Inflation-FM(1198x249).png]
[www.eact.eu/Core/Images/Articles/PSD3-FM(1198x249).png]
[www.eact.eu/Core/Images/Articles/GACT-Treasury-Day(1198x249).png]
[www.eact.eu/Core/Images/Articles/ibor-rfrs-eact-1198x249.png]
[www.eact.eu/Core/Images/Articles/EACT-counterparty-risk-1198x249.png]
[www.eact.eu/Core/Images/Articles/EACT-Mambo-Article-1198x249.png]
[www.eact.eu/Core/Images/Articles/eact-chatgpt-article-1198x249.png]
[www.eact.eu/Core/Images/Articles/VDT-to-do-list_1198x249.jpg]
[www.eact.eu/Core/Images/Articles/VDT_Capital-Markets(1198x249).jpg]
[www.eact.eu/Core/Images/Articles/eact_survey-23_1198x249.jpg]
[www.eact.eu/Core/Images/Articles/shutterstock_1282721284_1198x249.jpg]
[www.eact.eu/Core/Images/Articles/eact-company-financing_1198x249.jpg]
[www.eact.eu/Core/Images/Articles/eact-short-term-investment_1198x249.jpg]
[www.eact.eu/Core/Images/Articles/ACT_eact-article_2-1998x249.png]
[www.eact.eu/Core/Images/Articles/ACT_eact-article_1998x249.png]
[www.eact.eu/Core/Images/Articles/SAF_Article_1198x249.png]
[www.eact.eu/Core/Images/Articles/crisis_1198x249.jpg]
[www.eact.eu/Core/Images/Articles/EMIR_EACT(cropped).png]
[www.eact.eu/Core/Images/Articles/shutterstock_53218315(1998x249).png]
[www.eact.eu/Core/Images/Articles/EACT-dinner-1149x298.png]
[www.eact.eu/Core/Images/Articles/VDT_Dinner_cropped_2.png]
[www.eact.eu/Core/Images/Articles/AFTE_Annual-Conf(1149x298).png]
[www.eact.eu/Core/Images/Articles/EACTnewsOct22-HAT-summit-1149x298.png]
[www.eact.eu/Core/Images/Articles/shutterstock_377070661(1198x249).png]
[www.eact.eu/Core/Images/Articles/shutterstock_73570492(1198x249).png]
[www.eact.eu/Core/Images/Articles/shutterstock_172997579(1198x249).png]
[www.eact.eu/Core/Images/Articles/PCTA_Energy(1198x249).png]
[www.eact.eu/Core/Images/Articles/Debra(1198x249).png]
[www.eact.eu/Core/Images/Articles/Ukraine-Energy(1198x249).png]
[www.eact.eu/Core/Images/Articles/0527-286-EACT-Survey(1198x249)_2.png]
[www.eact.eu/Core/Images/Articles/EACT_Dollar-King_ATEL_1998x249(May22).png]
[www.eact.eu/Core/Images/Articles/ASSET_EACT_Juggling-Liquidity(1198x249).png]
[www.eact.eu/Core/Images/Articles/VDT_Risk-Day-22_1998x249.png]
[www.eact.eu/Core/Images/Articles/FM_article-Basel(1198x249).png]
[www.eact.eu/Core/Images/Articles/ACT_logo-live-events(1198x249).png]
[www.eact.eu/Core/Images/Articles/ACTA_fourht-anniversary(1198x249).png]
[www.eact.eu/Core/Images/Articles/EACT_ESG-FM_article(1198x249).jpg]
[www.eact.eu/Core/Images/Articles/Emir_article(1198x249).png]
[www.eact.eu/Core/Images/Articles/ACT_mindfulness-article(1198x249).png]
[www.eact.eu/Core/Images/Articles/EACT News Nov 21 - PCTA event(1198x249).png]
[www.eact.eu/Core/Images/Articles/SCTA_Article-image(1198x249)Nov21.png]
[www.eact.eu/Core/Images/Articles/EACT News Nov 21 - UK ACT(1198x249).png]
[www.eact.eu/Core/Images/Articles/HAT_article_Nov21(1198x249).png]
[www.eact.eu/Core/Images/Articles/VDT_Treasury-day_2021(1198x249).png]
[www.eact.eu/Core/Images/Articles/CEE-Forum_EACT(1198x249).png]
[www.eact.eu/Core/Images/Articles/AFTE-annual-conference(1998x249).png]
[www.eact.eu/Core/Images/Articles/EACT_Fuel(1198x249).jpg]
[www.eact.eu/Core/Images/Articles/deeper-focus_eact(1198x249).jpg]
[www.eact.eu/Core/Images/Articles/prioritisation_EACT(1198x249).jpg]
[www.eact.eu/Core/Images/Articles/EACT_New-normal(1198x249).jpg]
[www.eact.eu/Core/Images/Articles/Czech_EACT-article(1198x249).jpg]
[www.eact.eu/Core/Images/Articles/EACT_webinar_Sept-21(1198x249).jpg]
[www.eact.eu/Core/Images/Articles/VDT_summerschool(1198x249).jpg]
[www.eact.eu/Core/Images/Articles/london_skyline(1198x2249).png]
[www.eact.eu/Core/Images/Articles/shutterstock_270377375.jpg]
[www.eact.eu/Core/Images/Articles/SITA_Jun21(1198x249).png]
[www.eact.eu/Core/Images/Articles/LIBOR_TMI-EACT(1198x249).png]
[www.eact.eu/Core/Images/Articles/crisis-coping-strategies(1000x667).png]
[www.eact.eu/Core/Images/Articles/EACT_exotic-payments(1000x667).png]
[www.eact.eu/Core/Images/Articles/SITA(1500x745).jpg]
[www.eact.eu/Core/Images/Articles/gleif-article_eact(mar21).png]
[www.eact.eu/Core/Images/Articles/treasury_health-technology_ATEL.png]
[www.eact.eu/Core/Images/Articles/regulatory-round-up_EACT(Mar21).png]
[www.eact.eu/Core/Images/Articles/cdbc-central-bank-digital-currencies(1500x745).png]
[www.eact.eu/Core/Images/Articles/fx-risk-blog-eact(1000x627).jpg]
[www.eact.eu/Core/Images/Articles/tms-eact-nov-20(1000x667).jpg]
[www.eact.eu/Core/Images/Articles/cybersecurity-eact-nov-20(1000x667).jpg]
[www.eact.eu/Core/Images/Articles/rop-eact-nov20(1000x667)v4.jpg]
[www.eact.eu/Core/Images/Articles/eact-libor-nov-20(1000x667).jpg]
[www.eact.eu/Core/Images/Articles/jms-interview(1000x627).png]
[www.eact.eu/Core/Images/Articles/vdt(1198x405).png]
[www.eact.eu/Core/Images/Articles/EACT-VDT-Anecdotes-opt.jpg]
[www.eact.eu/Core/Images/Articles/eact-virtual-communication.png]
[www.eact.eu/Core/Images/Articles/shutterstock_148461635-opt.jpg]
[www.eact.eu/Core/Images/Articles/vdt-pmf.jpg]
[www.eact.eu/Core/Images/Articles/tax-eact-sept-20.jpg]
[www.eact.eu/Core/Images/Articles/move-to-digitisation-eact.jpg]
[www.eact.eu/Core/Images/Articles/financial-reg-eact-jpg.jpg]
[www.eact.eu/Core/Images/Articles/VDT-logo-article-size.png]
[www.eact.eu/Core/Images/Articles/VDT-logo-article_size.png]
[www.eact.eu/Core/Images/Articles/jj-survey-news-image.jpg]
[www.eact.eu/Core/Images/Articles/eact-article-working+capital+gap.jpg]
[www.eact.eu/Core/Images/Articles/eact-article-fxhedging.jpg]
[www.eact.eu/Core/Images/Articles/eact_cash+flow+forecasting.jpg]
[www.eact.eu/Core/Images/Articles/photo-of-black-and-gray-concrete-building-1029606_crop.jpg]
[www.eact.eu/Core/Images/Articles/analytics-blur-business-close-up-590045.jpg]
[www.eact.eu/Core/Images/Articles/JTTbitesize.jpg]
[www.eact.eu/Core/Images/Articles/Euro_treasurers-join-forces.jpg]
[www.eact.eu/Core/Images/Articles/swiss-bank-small.jpg]
[www.eact.eu/Core/Images/Articles/EACT-wix-feb1.jpg]
[www.eact.eu/Core/Images/Articles/vdt-treasury-day.jpg]
[www.eact.eu/Core/Images/Articles/recession-ahead.png]
[www.eact.eu/Core/Images/Articles/eu-policy-cycle.jpg]
[www.eact.eu/Core/Images/Articles/eact-celebrates-atel.jpg]
[www.eact.eu/Core/Images/Articles/cashing-in-on-trends-brno.jpg]
[www.eact.eu/Core/Images/Articles/trojan-war-happen.jpg]
[www.eact.eu/Core/Images/Articles/cryptocurrencies-czech.jpg]
[www.eact.eu/articles.html]
[www.eact.eu/Core/Images/Articles/EACT-Briefing-Focus_Sustainable-Finance_image-opt.jpg]
[www.eact.eu/Core/Images/Articles/EACT_BRO_TradeFinance-img.jpg]
[www.eact.eu/Core/Images/Articles/swift-gpi.jpg]
[www.eact.eu/Core/Images/Articles/sepa-instant-payments.jpg]
[www.eact.eu/Core/Images/Articles/Artboard 3.jpg]
[www.eact.eu/briefing-focus.html]
[www.eact.eu/Core/Images/Carousel/financial-crime.jpg]
[www.eact.eu/financial-crime.html]
[www.eact.eu/Core/Images/Carousel/a-journey-to-treasury-roadmap.jpg]
[www.eact.eu/journeys-to-treasury.html]
[www.eact.eu/Core/Images/Carousel/eact-digitisation.jpg]
[www.eact.eu/digitalization.html]
[www.eact.eu/Core/Images/Carousel/shutterstock_1906450015-crop.jpg]
[www.eact.eu/Core/Images/EACT_PDFs/ISO-20022-Remittance-Content-Market-Guide-February-2022.pdf]
[www.eact.eu/Core/Documents/EACT-2021-10_Cross-Border-Payments-Survey-Results.pdf]
[www.eact.eu/Core/Images/Documents/bcg-global-payments-2021-report-all-in-for-growth-oct-2021.pdf]
[www.eact.eu/payments.html]
[www.eact.eu/Core/Images/Carousel/EACT-Regs-Page_1920x400.png]
[www.eact.eu/regulation-and-policy.html]
[www.eact.eu/Core/Images/News/eact_survey-23_1198x249_news.jpg]
[www.eact.eu/Core/Images/News/PCTA_15-years(1198x249).png]
[www.eact.eu/Core/Images/News/EACT_logo_website_event-480x337-4.png]
[www.eact.eu/Core/Images/News/JTT21-22-grey_430x337.png]
[www.eact.eu/Core/Images/News/newsl-sept-21.jpg]
[www.eact.eu/Core/Images/News/shutterstock_1703415496_480x337--.png]
[www.eact.eu/Core/Images/News/Dr-Gerd-Berghold-1_1198x249.png]
[www.eact.eu/Core/Images/News/EACT-survey_2021(1198x249).png]
[www.eact.eu/Core/Images/News/newsl-jun-2021_2.jpg]
[www.eact.eu/Core/Images/News/EACT-podcast_news-image(1920x400).jpg]
[www.eact.eu/Core/Images/News/EACT-webinar_news-image480x337.jpg]
[www.eact.eu/Core/Images/News/HAT_Logo_1000x350.png]
[www.eact.eu/Core/Images/News/JJT_2-podcast-graphic.png]
[www.eact.eu/Core/Images/News/EACT-webinar_news-image(1198x249).jpg]
[www.eact.eu/Core/Images/News/JJT_podcast-graphic.png]
[www.eact.eu/Core/Images/News/newsl-mar-2020.jpg]
[www.eact.eu/Core/Images/News/jms-treasurycast(1198x249).png]
[www.eact.eu/Core/Images/News/newsl-dec-2020.jpg]
[www.eact.eu/Core/Images/News/lma-eact-webinar-capture(1000x552).png]
[www.eact.eu/Core/Images/News/EACT-LEI-Webinar-th.png]
[www.eact.eu/Core/Images/News/newsl-sept-2020.jpg]
[www.eact.eu/Core/Images/News/EACT-Briefing-Focus_Sustainable-Finance_image-opt.jpg]
[www.eact.eu/Core/Images/News/JTT_2020 - Une-2.png]
[www.eact.eu/Core/Images/News/eact-survey-newsletter-iamge.png]
[www.eact.eu/Core/Images/News/nsl-apr-2020.jpg]
[www.eact.eu/Core/Images/News/covid-19.jpg]
[www.eact.eu/Core/Images/News/EACT_Cash_management-Feb20_600w.jpg]
[www.eact.eu/Core/Images/News/EACT_BRO_TradeFinance-img.jpg]
[www.eact.eu/Core/Images/News/European Commission.jpg]
[www.eact.eu/Core/Images/News/ESMA.png]
[www.eact.eu/Core/Images/News/EACT_Dec19_first-article-image.jpg]
[www.eact.eu/Core/Images/News/EACT-Luxembourg-image_800w.jpg]
[www.eact.eu/Core/Images/News/JTT_cover2019_2.png]
[www.eact.eu/Core/Images/News/EACT-Brochure.png]
[www.eact.eu/Core/Images/News/EACT_news_Jun19_FM.jpg]
[www.eact.eu/Core/Images/News/BTC-crop.jpg]
[www.eact.eu/Core/Images/News/1903080332_677-opt.jpg]
[www.eact.eu/Core/Images/News/EACT-Briefing-KYC-th2.png]
[www.eact.eu/Core/Images/News/c8332c66-3f77-4683-93b7-ee44b156f373.jpg]
[www.eact.eu/Core/Images/News/Screenshot 2019-02-07 at 16.33.32.png]
[www.eact.eu/Core/Images/News/dc1a1a94-a747-42cd-83d7-808b616dc2b0.jpg]
[www.eact.eu/news.html]
[www.eact.eu/euro-pp-charter.html]
[www.eact.eu/fx-global-code.html]
[www.eact.eu/financial-regulation-advisory-group.html]
[www.eact.eu/Core/Images/Events/eact-summit-24-480-337.png]
[www.eact.eu/Core/Images/Events/shutterstock_1975385489_480x337.png]
[www.eact.eu/Core/Images/Events/shutterstock_1703415496_480x337-.png]
[www.eact.eu/Core/Images/Events/EACT-webinar_news-image480x337.jpg]
[www.eact.eu/Core/Images/Events/EACT_logo_website_event-480x337-3.jpg]
[www.eact.eu/event.html]
[www.eact.eu/Core/Images/EACT-Slide.png]
[www.eact.eu/news/173/act-annual-conference-2024/index.html]
[eact.eu/Core/Images/Newsletter/GLEIF-Article-Chart.png]
[www.eact.eu/articles/unlocking-benefits-of-secure-payments/index.html]
[www.eact.eu/articles/lksg-relevant-for-treasury/index.html]
[www.eact.eu/articles/index.html]
[www.eact.eu/nta/index.html]
[img.youtube.com/vi/us1VZ_DNp7Y/hqdefault.jpg]
[img.youtube.com/vi/lpDiEZRecWQ/hqdefault.jpg]
[img.youtube.com/vi/tjqiG2Qm5I8/hqdefault.jpg]
[img.youtube.com/vi/Ntzv4sJmjhk/hqdefault.jpg]
[img.youtube.com/vi/FLQrhnZe-x4/hqdefault.jpg]
[img.youtube.com/vi/-uDf9bcRLcQ/hqdefault.jpg]
[img.youtube.com/vi/Fy9KDunrzvw/hqdefault.jpg]
[img.youtube.com/vi/cKjINWwy-lA/hqdefault.jpg]
[img.youtube.com/vi/1m8EEpCEwxw/hqdefault.jpg]
[img.youtube.com/vi/dTloP3ZyORo/hqdefault.jpg]
[img.youtube.com/vi/ucEE8LzjT7s/hqdefault.jpg]
[img.youtube.com/vi/mGAYJBnvje0/hqdefault.jpg]
[img.youtube.com/vi/B1oVv2ksDtQ/hqdefault.jpg]
[img.youtube.com/vi/W5bqkWpI1KA/hqdefault.jpg]
[img.youtube.com/vi/aPoNTwR_sAA/hqdefault.jpg]
[img.youtube.com/vi/ZOOe_2Ml_J0/hqdefault.jpg]
[img.youtube.com/vi/xsF6zXzhKWs/hqdefault.jpg]
[img.youtube.com/vi/N1EatTxaAZc/hqdefault.jpg]
[img.youtube.com/vi/LhYFVSbqGyY/hqdefault.jpg]
[img.youtube.com/vi/feW7g9nIxYM/hqdefault.jpg]
[img.youtube.com/vi/veCS9VEpUXk/hqdefault.jpg]
[img.youtube.com/vi/w-fISshpP7g/hqdefault.jpg]
[img.youtube.com/vi/39CKPt0Shpk/hqdefault.jpg]
[img.youtube.com/vi/FI_dVv6Hvo4/hqdefault.jpg]
[img.youtube.com/vi/b3z21U8oxd0/hqdefault.jpg]
[img.youtube.com/vi/xqEPE15WQzE/hqdefault.jpg]
[img.youtube.com/vi/izAIlL0xSd4/hqdefault.jpg]
[img.youtube.com/vi/-rSTzWzFkis/hqdefault.jpg]
[img.youtube.com/vi/7Ahg6rexGzk/hqdefault.jpg]
[www.eact.eu/videos.html]
[www.eact.eu/Core/Images/Carousel/EACT-Contact.png]
[www.eact.eu/Core/Images/EACT-Tick.png]
[www.eact.eu/contact/index.html]
[www.eact.eu/privacy/index.html]
[www.eact.eu/about/index.html]
[www.eact.eu/news/index.html]
[www.eact.eu/event/index.html]
[www.eact.eu/videos/index.html]
[www.eact.eu/Core/fonts/glyphicons-halflings-regular.svg]
[www.eact.eu/Core/Images/Flags/4x3/ad.svg]
[www.eact.eu/Core/Images/Flags/1x1/ad.svg]
[www.eact.eu/Core/Images/Flags/4x3/ae.svg]
[www.eact.eu/Core/Images/Flags/1x1/ae.svg]
[www.eact.eu/Core/Images/Flags/4x3/af.svg]
[www.eact.eu/Core/Images/Flags/1x1/af.svg]
[www.eact.eu/Core/Images/Flags/4x3/ag.svg]
[www.eact.eu/Core/Images/Flags/1x1/ag.svg]
[www.eact.eu/Core/Images/Flags/4x3/ai.svg]
[www.eact.eu/Core/Images/Flags/1x1/ai.svg]
[www.eact.eu/Core/Images/Flags/4x3/al.svg]
[www.eact.eu/Core/Images/Flags/1x1/al.svg]
[www.eact.eu/Core/Images/Flags/4x3/am.svg]
[www.eact.eu/Core/Images/Flags/1x1/am.svg]
[www.eact.eu/Core/Images/Flags/4x3/ao.svg]
[www.eact.eu/Core/Images/Flags/1x1/ao.svg]
[www.eact.eu/Core/Images/Flags/4x3/aq.svg]
[www.eact.eu/Core/Images/Flags/1x1/aq.svg]
[www.eact.eu/Core/Images/Flags/4x3/ar.svg]
[www.eact.eu/Core/Images/Flags/1x1/ar.svg]
[www.eact.eu/Core/Images/Flags/4x3/as.svg]
[www.eact.eu/Core/Images/Flags/1x1/as.svg]
[www.eact.eu/Core/Images/Flags/4x3/at.svg]
[www.eact.eu/Core/Images/Flags/1x1/at.svg]
[www.eact.eu/Core/Images/Flags/4x3/au.svg]
[www.eact.eu/Core/Images/Flags/1x1/au.svg]
[www.eact.eu/Core/Images/Flags/4x3/aw.svg]
[www.eact.eu/Core/Images/Flags/1x1/aw.svg]
[www.eact.eu/Core/Images/Flags/4x3/ax.svg]
[www.eact.eu/Core/Images/Flags/1x1/ax.svg]
[www.eact.eu/Core/Images/Flags/4x3/az.svg]
[www.eact.eu/Core/Images/Flags/1x1/az.svg]
[www.eact.eu/Core/Images/Flags/4x3/ba.svg]
[www.eact.eu/Core/Images/Flags/1x1/ba.svg]
[www.eact.eu/Core/Images/Flags/4x3/bb.svg]
[www.eact.eu/Core/Images/Flags/1x1/bb.svg]
[www.eact.eu/Core/Images/Flags/4x3/bd.svg]
[www.eact.eu/Core/Images/Flags/1x1/bd.svg]
[www.eact.eu/Core/Images/Flags/4x3/be.svg]
[www.eact.eu/Core/Images/Flags/1x1/be.svg]
[www.eact.eu/Core/Images/Flags/4x3/bf.svg]
[www.eact.eu/Core/Images/Flags/1x1/bf.svg]
[www.eact.eu/Core/Images/Flags/4x3/bg.svg]
[www.eact.eu/Core/Images/Flags/1x1/bg.svg]
[www.eact.eu/Core/Images/Flags/4x3/bh.svg]
[www.eact.eu/Core/Images/Flags/1x1/bh.svg]
[www.eact.eu/Core/Images/Flags/4x3/bi.svg]
[www.eact.eu/Core/Images/Flags/1x1/bi.svg]
[www.eact.eu/Core/Images/Flags/4x3/bj.svg]
[www.eact.eu/Core/Images/Flags/1x1/bj.svg]
[www.eact.eu/Core/Images/Flags/4x3/bl.svg]
[www.eact.eu/Core/Images/Flags/1x1/bl.svg]
[www.eact.eu/Core/Images/Flags/4x3/bm.svg]
[www.eact.eu/Core/Images/Flags/1x1/bm.svg]
[www.eact.eu/Core/Images/Flags/4x3/bn.svg]
[www.eact.eu/Core/Images/Flags/1x1/bn.svg]
[www.eact.eu/Core/Images/Flags/4x3/bo.svg]
[www.eact.eu/Core/Images/Flags/1x1/bo.svg]
[www.eact.eu/Core/Images/Flags/4x3/bq.svg]
[www.eact.eu/Core/Images/Flags/1x1/bq.svg]
[www.eact.eu/Core/Images/Flags/4x3/br.svg]
[www.eact.eu/Core/Images/Flags/1x1/br.svg]
[www.eact.eu/Core/Images/Flags/4x3/bs.svg]
[www.eact.eu/Core/Images/Flags/1x1/bs.svg]
[www.eact.eu/Core/Images/Flags/4x3/bt.svg]
[www.eact.eu/Core/Images/Flags/1x1/bt.svg]
[www.eact.eu/Core/Images/Flags/4x3/bv.svg]
[www.eact.eu/Core/Images/Flags/1x1/bv.svg]
[www.eact.eu/Core/Images/Flags/4x3/bw.svg]
[www.eact.eu/Core/Images/Flags/1x1/bw.svg]
[www.eact.eu/Core/Images/Flags/4x3/by.svg]
[www.eact.eu/Core/Images/Flags/1x1/by.svg]
[www.eact.eu/Core/Images/Flags/4x3/bz.svg]
[www.eact.eu/Core/Images/Flags/1x1/bz.svg]
[www.eact.eu/Core/Images/Flags/4x3/ca.svg]
[www.eact.eu/Core/Images/Flags/1x1/ca.svg]
[www.eact.eu/Core/Images/Flags/4x3/cc.svg]
[www.eact.eu/Core/Images/Flags/1x1/cc.svg]
[www.eact.eu/Core/Images/Flags/4x3/cd.svg]
[www.eact.eu/Core/Images/Flags/1x1/cd.svg]
[www.eact.eu/Core/Images/Flags/4x3/cf.svg]
[www.eact.eu/Core/Images/Flags/1x1/cf.svg]
[www.eact.eu/Core/Images/Flags/4x3/cg.svg]
[www.eact.eu/Core/Images/Flags/1x1/cg.svg]
[www.eact.eu/Core/Images/Flags/4x3/ch.svg]
[www.eact.eu/Core/Images/Flags/1x1/ch.svg]
[www.eact.eu/Core/Images/Flags/4x3/ci.svg]
[www.eact.eu/Core/Images/Flags/1x1/ci.svg]
[www.eact.eu/Core/Images/Flags/4x3/ck.svg]
[www.eact.eu/Core/Images/Flags/1x1/ck.svg]
[www.eact.eu/Core/Images/Flags/4x3/cl.svg]
[www.eact.eu/Core/Images/Flags/1x1/cl.svg]
[www.eact.eu/Core/Images/Flags/4x3/cm.svg]
[www.eact.eu/Core/Images/Flags/1x1/cm.svg]
[www.eact.eu/Core/Images/Flags/4x3/cn.svg]
[www.eact.eu/Core/Images/Flags/1x1/cn.svg]
[www.eact.eu/Core/Images/Flags/4x3/co.svg]
[www.eact.eu/Core/Images/Flags/1x1/co.svg]
[www.eact.eu/Core/Images/Flags/4x3/cr.svg]
[www.eact.eu/Core/Images/Flags/1x1/cr.svg]
[www.eact.eu/Core/Images/Flags/4x3/cu.svg]
[www.eact.eu/Core/Images/Flags/1x1/cu.svg]
[www.eact.eu/Core/Images/Flags/4x3/cv.svg]
[www.eact.eu/Core/Images/Flags/1x1/cv.svg]
[www.eact.eu/Core/Images/Flags/4x3/cw.svg]
[www.eact.eu/Core/Images/Flags/1x1/cw.svg]
[www.eact.eu/Core/Images/Flags/4x3/cx.svg]
[www.eact.eu/Core/Images/Flags/1x1/cx.svg]
[www.eact.eu/Core/Images/Flags/4x3/cy.svg]
[www.eact.eu/Core/Images/Flags/1x1/cy.svg]
[www.eact.eu/Core/Images/Flags/4x3/cz.svg]
[www.eact.eu/Core/Images/Flags/1x1/cz.svg]
[www.eact.eu/Core/Images/Flags/4x3/de.svg]
[www.eact.eu/Core/Images/Flags/1x1/de.svg]
[www.eact.eu/Core/Images/Flags/4x3/dj.svg]
[www.eact.eu/Core/Images/Flags/1x1/dj.svg]
[www.eact.eu/Core/Images/Flags/4x3/dk.svg]
[www.eact.eu/Core/Images/Flags/1x1/dk.svg]
[www.eact.eu/Core/Images/Flags/4x3/dm.svg]
[www.eact.eu/Core/Images/Flags/1x1/dm.svg]
[www.eact.eu/Core/Images/Flags/4x3/do.svg]
[www.eact.eu/Core/Images/Flags/1x1/do.svg]
[www.eact.eu/Core/Images/Flags/4x3/dz.svg]
[www.eact.eu/Core/Images/Flags/1x1/dz.svg]
[www.eact.eu/Core/Images/Flags/4x3/ec.svg]
[www.eact.eu/Core/Images/Flags/1x1/ec.svg]
[www.eact.eu/Core/Images/Flags/4x3/ee.svg]
[www.eact.eu/Core/Images/Flags/1x1/ee.svg]
[www.eact.eu/Core/Images/Flags/4x3/eg.svg]
[www.eact.eu/Core/Images/Flags/1x1/eg.svg]
[www.eact.eu/Core/Images/Flags/4x3/eh.svg]
[www.eact.eu/Core/Images/Flags/1x1/eh.svg]
[www.eact.eu/Core/Images/Flags/4x3/er.svg]
[www.eact.eu/Core/Images/Flags/1x1/er.svg]
[www.eact.eu/Core/Images/Flags/4x3/es.svg]
[www.eact.eu/Core/Images/Flags/1x1/es.svg]
[www.eact.eu/Core/Images/Flags/4x3/et.svg]
[www.eact.eu/Core/Images/Flags/1x1/et.svg]
[www.eact.eu/Core/Images/Flags/4x3/fi.svg]
[www.eact.eu/Core/Images/Flags/1x1/fi.svg]
[www.eact.eu/Core/Images/Flags/4x3/fj.svg]
[www.eact.eu/Core/Images/Flags/1x1/fj.svg]
[www.eact.eu/Core/Images/Flags/4x3/fk.svg]
[www.eact.eu/Core/Images/Flags/1x1/fk.svg]
[www.eact.eu/Core/Images/Flags/4x3/fm.svg]
[www.eact.eu/Core/Images/Flags/1x1/fm.svg]
[www.eact.eu/Core/Images/Flags/4x3/fo.svg]
[www.eact.eu/Core/Images/Flags/1x1/fo.svg]
[www.eact.eu/Core/Images/Flags/4x3/fr.svg]
[www.eact.eu/Core/Images/Flags/1x1/fr.svg]
[www.eact.eu/Core/Images/Flags/4x3/ga.svg]
[www.eact.eu/Core/Images/Flags/1x1/ga.svg]
[www.eact.eu/Core/Images/Flags/4x3/gb.svg]
[www.eact.eu/Core/Images/Flags/1x1/gb.svg]
[www.eact.eu/Core/Images/Flags/4x3/gd.svg]
[www.eact.eu/Core/Images/Flags/1x1/gd.svg]
[www.eact.eu/Core/Images/Flags/4x3/ge.svg]
[www.eact.eu/Core/Images/Flags/1x1/ge.svg]
[www.eact.eu/Core/Images/Flags/4x3/gf.svg]
[www.eact.eu/Core/Images/Flags/1x1/gf.svg]
[www.eact.eu/Core/Images/Flags/4x3/gg.svg]
[www.eact.eu/Core/Images/Flags/1x1/gg.svg]
[www.eact.eu/Core/Images/Flags/4x3/gh.svg]
[www.eact.eu/Core/Images/Flags/1x1/gh.svg]
[www.eact.eu/Core/Images/Flags/4x3/gi.svg]
[www.eact.eu/Core/Images/Flags/1x1/gi.svg]
[www.eact.eu/Core/Images/Flags/4x3/gl.svg]
[www.eact.eu/Core/Images/Flags/1x1/gl.svg]
[www.eact.eu/Core/Images/Flags/4x3/gm.svg]
[www.eact.eu/Core/Images/Flags/1x1/gm.svg]
[www.eact.eu/Core/Images/Flags/4x3/gn.svg]
[www.eact.eu/Core/Images/Flags/1x1/gn.svg]
[www.eact.eu/Core/Images/Flags/4x3/gp.svg]
[www.eact.eu/Core/Images/Flags/1x1/gp.svg]
[www.eact.eu/Core/Images/Flags/4x3/gq.svg]
[www.eact.eu/Core/Images/Flags/1x1/gq.svg]
[www.eact.eu/Core/Images/Flags/4x3/gr.svg]
[www.eact.eu/Core/Images/Flags/1x1/gr.svg]
[www.eact.eu/Core/Images/Flags/4x3/gs.svg]
[www.eact.eu/Core/Images/Flags/1x1/gs.svg]
[www.eact.eu/Core/Images/Flags/4x3/gt.svg]
[www.eact.eu/Core/Images/Flags/1x1/gt.svg]
[www.eact.eu/Core/Images/Flags/4x3/gu.svg]
[www.eact.eu/Core/Images/Flags/1x1/gu.svg]
[www.eact.eu/Core/Images/Flags/4x3/gw.svg]
[www.eact.eu/Core/Images/Flags/1x1/gw.svg]
[www.eact.eu/Core/Images/Flags/4x3/gy.svg]
[www.eact.eu/Core/Images/Flags/1x1/gy.svg]
[www.eact.eu/Core/Images/Flags/4x3/hk.svg]
[www.eact.eu/Core/Images/Flags/1x1/hk.svg]
[www.eact.eu/Core/Images/Flags/4x3/hm.svg]
[www.eact.eu/Core/Images/Flags/1x1/hm.svg]
[www.eact.eu/Core/Images/Flags/4x3/hn.svg]
[www.eact.eu/Core/Images/Flags/1x1/hn.svg]
[www.eact.eu/Core/Images/Flags/4x3/hr.svg]
[www.eact.eu/Core/Images/Flags/1x1/hr.svg]
[www.eact.eu/Core/Images/Flags/4x3/ht.svg]
[www.eact.eu/Core/Images/Flags/1x1/ht.svg]
[www.eact.eu/Core/Images/Flags/4x3/hu.svg]
[www.eact.eu/Core/Images/Flags/1x1/hu.svg]
[www.eact.eu/Core/Images/Flags/4x3/id.svg]
[www.eact.eu/Core/Images/Flags/1x1/id.svg]
[www.eact.eu/Core/Images/Flags/4x3/ie.svg]
[www.eact.eu/Core/Images/Flags/1x1/ie.svg]
[www.eact.eu/Core/Images/Flags/4x3/il.svg]
[www.eact.eu/Core/Images/Flags/1x1/il.svg]
[www.eact.eu/Core/Images/Flags/4x3/im.svg]
[www.eact.eu/Core/Images/Flags/1x1/im.svg]
[www.eact.eu/Core/Images/Flags/4x3/in.svg]
[www.eact.eu/Core/Images/Flags/1x1/in.svg]
[www.eact.eu/Core/Images/Flags/4x3/io.svg]
[www.eact.eu/Core/Images/Flags/1x1/io.svg]
[www.eact.eu/Core/Images/Flags/4x3/iq.svg]
[www.eact.eu/Core/Images/Flags/1x1/iq.svg]
[www.eact.eu/Core/Images/Flags/4x3/ir.svg]
[www.eact.eu/Core/Images/Flags/1x1/ir.svg]
[www.eact.eu/Core/Images/Flags/4x3/is.svg]
[www.eact.eu/Core/Images/Flags/1x1/is.svg]
[www.eact.eu/Core/Images/Flags/4x3/it.svg]
[www.eact.eu/Core/Images/Flags/1x1/it.svg]
[www.eact.eu/Core/Images/Flags/4x3/je.svg]
[www.eact.eu/Core/Images/Flags/1x1/je.svg]
[www.eact.eu/Core/Images/Flags/4x3/jm.svg]
[www.eact.eu/Core/Images/Flags/1x1/jm.svg]
[www.eact.eu/Core/Images/Flags/4x3/jo.svg]
[www.eact.eu/Core/Images/Flags/1x1/jo.svg]
[www.eact.eu/Core/Images/Flags/4x3/jp.svg]
[www.eact.eu/Core/Images/Flags/1x1/jp.svg]
[www.eact.eu/Core/Images/Flags/4x3/ke.svg]
[www.eact.eu/Core/Images/Flags/1x1/ke.svg]
[www.eact.eu/Core/Images/Flags/4x3/kg.svg]
[www.eact.eu/Core/Images/Flags/1x1/kg.svg]
[www.eact.eu/Core/Images/Flags/4x3/kh.svg]
[www.eact.eu/Core/Images/Flags/1x1/kh.svg]
[www.eact.eu/Core/Images/Flags/4x3/ki.svg]
[www.eact.eu/Core/Images/Flags/1x1/ki.svg]
[www.eact.eu/Core/Images/Flags/4x3/km.svg]
[www.eact.eu/Core/Images/Flags/1x1/km.svg]
[www.eact.eu/Core/Images/Flags/4x3/kn.svg]
[www.eact.eu/Core/Images/Flags/1x1/kn.svg]
[www.eact.eu/Core/Images/Flags/4x3/kp.svg]
[www.eact.eu/Core/Images/Flags/1x1/kp.svg]
[www.eact.eu/Core/Images/Flags/4x3/kr.svg]
[www.eact.eu/Core/Images/Flags/1x1/kr.svg]
[www.eact.eu/Core/Images/Flags/4x3/kw.svg]
[www.eact.eu/Core/Images/Flags/1x1/kw.svg]
[www.eact.eu/Core/Images/Flags/4x3/ky.svg]
[www.eact.eu/Core/Images/Flags/1x1/ky.svg]
[www.eact.eu/Core/Images/Flags/4x3/kz.svg]
[www.eact.eu/Core/Images/Flags/1x1/kz.svg]
[www.eact.eu/Core/Images/Flags/4x3/la.svg]
[www.eact.eu/Core/Images/Flags/1x1/la.svg]
[www.eact.eu/Core/Images/Flags/4x3/lb.svg]
[www.eact.eu/Core/Images/Flags/1x1/lb.svg]
[www.eact.eu/Core/Images/Flags/4x3/lc.svg]
[www.eact.eu/Core/Images/Flags/1x1/lc.svg]
[www.eact.eu/Core/Images/Flags/4x3/li.svg]
[www.eact.eu/Core/Images/Flags/1x1/li.svg]
[www.eact.eu/Core/Images/Flags/4x3/lk.svg]
[www.eact.eu/Core/Images/Flags/1x1/lk.svg]
[www.eact.eu/Core/Images/Flags/4x3/lr.svg]
[www.eact.eu/Core/Images/Flags/1x1/lr.svg]
[www.eact.eu/Core/Images/Flags/4x3/ls.svg]
[www.eact.eu/Core/Images/Flags/1x1/ls.svg]
[www.eact.eu/Core/Images/Flags/4x3/lt.svg]
[www.eact.eu/Core/Images/Flags/1x1/lt.svg]
[www.eact.eu/Core/Images/Flags/4x3/lu.svg]
[www.eact.eu/Core/Images/Flags/1x1/lu.svg]
[www.eact.eu/Core/Images/Flags/4x3/lv.svg]
[www.eact.eu/Core/Images/Flags/1x1/lv.svg]
[www.eact.eu/Core/Images/Flags/4x3/ly.svg]
[www.eact.eu/Core/Images/Flags/1x1/ly.svg]
[www.eact.eu/Core/Images/Flags/4x3/ma.svg]
[www.eact.eu/Core/Images/Flags/1x1/ma.svg]
[www.eact.eu/Core/Images/Flags/4x3/mc.svg]
[www.eact.eu/Core/Images/Flags/1x1/mc.svg]
[www.eact.eu/Core/Images/Flags/4x3/md.svg]
[www.eact.eu/Core/Images/Flags/1x1/md.svg]
[www.eact.eu/Core/Images/Flags/4x3/me.svg]
[www.eact.eu/Core/Images/Flags/1x1/me.svg]
[www.eact.eu/Core/Images/Flags/4x3/mf.svg]
[www.eact.eu/Core/Images/Flags/1x1/mf.svg]
[www.eact.eu/Core/Images/Flags/4x3/mg.svg]
[www.eact.eu/Core/Images/Flags/1x1/mg.svg]
[www.eact.eu/Core/Images/Flags/4x3/mh.svg]
[www.eact.eu/Core/Images/Flags/1x1/mh.svg]
[www.eact.eu/Core/Images/Flags/4x3/mk.svg]
[www.eact.eu/Core/Images/Flags/1x1/mk.svg]
[www.eact.eu/Core/Images/Flags/4x3/ml.svg]
[www.eact.eu/Core/Images/Flags/1x1/ml.svg]
[www.eact.eu/Core/Images/Flags/4x3/mm.svg]
[www.eact.eu/Core/Images/Flags/1x1/mm.svg]
[www.eact.eu/Core/Images/Flags/4x3/mn.svg]
[www.eact.eu/Core/Images/Flags/1x1/mn.svg]
[www.eact.eu/Core/Images/Flags/4x3/mo.svg]
[www.eact.eu/Core/Images/Flags/1x1/mo.svg]
[www.eact.eu/Core/Images/Flags/4x3/mp.svg]
[www.eact.eu/Core/Images/Flags/1x1/mp.svg]
[www.eact.eu/Core/Images/Flags/4x3/mq.svg]
[www.eact.eu/Core/Images/Flags/1x1/mq.svg]
[www.eact.eu/Core/Images/Flags/4x3/mr.svg]
[www.eact.eu/Core/Images/Flags/1x1/mr.svg]
[www.eact.eu/Core/Images/Flags/4x3/ms.svg]
[www.eact.eu/Core/Images/Flags/1x1/ms.svg]
[www.eact.eu/Core/Images/Flags/4x3/mt.svg]
[www.eact.eu/Core/Images/Flags/1x1/mt.svg]
[www.eact.eu/Core/Images/Flags/4x3/mu.svg]
[www.eact.eu/Core/Images/Flags/1x1/mu.svg]
[www.eact.eu/Core/Images/Flags/4x3/mv.svg]
[www.eact.eu/Core/Images/Flags/1x1/mv.svg]
[www.eact.eu/Core/Images/Flags/4x3/mw.svg]
[www.eact.eu/Core/Images/Flags/1x1/mw.svg]
[www.eact.eu/Core/Images/Flags/4x3/mx.svg]
[www.eact.eu/Core/Images/Flags/1x1/mx.svg]
[www.eact.eu/Core/Images/Flags/4x3/my.svg]
[www.eact.eu/Core/Images/Flags/1x1/my.svg]
[www.eact.eu/Core/Images/Flags/4x3/mz.svg]
[www.eact.eu/Core/Images/Flags/1x1/mz.svg]
[www.eact.eu/Core/Images/Flags/4x3/na.svg]
[www.eact.eu/Core/Images/Flags/1x1/na.svg]
[www.eact.eu/Core/Images/Flags/4x3/nc.svg]
[www.eact.eu/Core/Images/Flags/1x1/nc.svg]
[www.eact.eu/Core/Images/Flags/4x3/ne.svg]
[www.eact.eu/Core/Images/Flags/1x1/ne.svg]
[www.eact.eu/Core/Images/Flags/4x3/nf.svg]
[www.eact.eu/Core/Images/Flags/1x1/nf.svg]
[www.eact.eu/Core/Images/Flags/4x3/ng.svg]
[www.eact.eu/Core/Images/Flags/1x1/ng.svg]
[www.eact.eu/Core/Images/Flags/4x3/ni.svg]
[www.eact.eu/Core/Images/Flags/1x1/ni.svg]
[www.eact.eu/Core/Images/Flags/4x3/nl.svg]
[www.eact.eu/Core/Images/Flags/1x1/nl.svg]
[www.eact.eu/Core/Images/Flags/4x3/no.svg]
[www.eact.eu/Core/Images/Flags/1x1/no.svg]
[www.eact.eu/Core/Images/Flags/4x3/np.svg]
[www.eact.eu/Core/Images/Flags/1x1/np.svg]
[www.eact.eu/Core/Images/Flags/4x3/nr.svg]
[www.eact.eu/Core/Images/Flags/1x1/nr.svg]
[www.eact.eu/Core/Images/Flags/4x3/nu.svg]
[www.eact.eu/Core/Images/Flags/1x1/nu.svg]
[www.eact.eu/Core/Images/Flags/4x3/nz.svg]
[www.eact.eu/Core/Images/Flags/1x1/nz.svg]
[www.eact.eu/Core/Images/Flags/4x3/om.svg]
[www.eact.eu/Core/Images/Flags/1x1/om.svg]
[www.eact.eu/Core/Images/Flags/4x3/pa.svg]
[www.eact.eu/Core/Images/Flags/1x1/pa.svg]
[www.eact.eu/Core/Images/Flags/4x3/pe.svg]
[www.eact.eu/Core/Images/Flags/1x1/pe.svg]
[www.eact.eu/Core/Images/Flags/4x3/pf.svg]
[www.eact.eu/Core/Images/Flags/1x1/pf.svg]
[www.eact.eu/Core/Images/Flags/4x3/pg.svg]
[www.eact.eu/Core/Images/Flags/1x1/pg.svg]
[www.eact.eu/Core/Images/Flags/4x3/ph.svg]
[www.eact.eu/Core/Images/Flags/1x1/ph.svg]
[www.eact.eu/Core/Images/Flags/4x3/pk.svg]
[www.eact.eu/Core/Images/Flags/1x1/pk.svg]
[www.eact.eu/Core/Images/Flags/4x3/pl.svg]
[www.eact.eu/Core/Images/Flags/1x1/pl.svg]
[www.eact.eu/Core/Images/Flags/4x3/pm.svg]
[www.eact.eu/Core/Images/Flags/1x1/pm.svg]
[www.eact.eu/Core/Images/Flags/4x3/pn.svg]
[www.eact.eu/Core/Images/Flags/1x1/pn.svg]
[www.eact.eu/Core/Images/Flags/4x3/pr.svg]
[www.eact.eu/Core/Images/Flags/1x1/pr.svg]
[www.eact.eu/Core/Images/Flags/4x3/ps.svg]
[www.eact.eu/Core/Images/Flags/1x1/ps.svg]
[www.eact.eu/Core/Images/Flags/4x3/pt.svg]
[www.eact.eu/Core/Images/Flags/1x1/pt.svg]
[www.eact.eu/Core/Images/Flags/4x3/pw.svg]
[www.eact.eu/Core/Images/Flags/1x1/pw.svg]
[www.eact.eu/Core/Images/Flags/4x3/py.svg]
[www.eact.eu/Core/Images/Flags/1x1/py.svg]
[www.eact.eu/Core/Images/Flags/4x3/qa.svg]
[www.eact.eu/Core/Images/Flags/1x1/qa.svg]
[www.eact.eu/Core/Images/Flags/4x3/re.svg]
[www.eact.eu/Core/Images/Flags/1x1/re.svg]
[www.eact.eu/Core/Images/Flags/4x3/ro.svg]
[www.eact.eu/Core/Images/Flags/1x1/ro.svg]
[www.eact.eu/Core/Images/Flags/4x3/rs.svg]
[www.eact.eu/Core/Images/Flags/1x1/rs.svg]
[www.eact.eu/Core/Images/Flags/4x3/ru.svg]
[www.eact.eu/Core/Images/Flags/1x1/ru.svg]
[www.eact.eu/Core/Images/Flags/4x3/rw.svg]
[www.eact.eu/Core/Images/Flags/1x1/rw.svg]
[www.eact.eu/Core/Images/Flags/4x3/sa.svg]
[www.eact.eu/Core/Images/Flags/1x1/sa.svg]
[www.eact.eu/Core/Images/Flags/4x3/sb.svg]
[www.eact.eu/Core/Images/Flags/1x1/sb.svg]
[www.eact.eu/Core/Images/Flags/4x3/sc.svg]
[www.eact.eu/Core/Images/Flags/1x1/sc.svg]
[www.eact.eu/Core/Images/Flags/4x3/sd.svg]
[www.eact.eu/Core/Images/Flags/1x1/sd.svg]
[www.eact.eu/Core/Images/Flags/4x3/se.svg]
[www.eact.eu/Core/Images/Flags/1x1/se.svg]
[www.eact.eu/Core/Images/Flags/4x3/sg.svg]
[www.eact.eu/Core/Images/Flags/1x1/sg.svg]
[www.eact.eu/Core/Images/Flags/4x3/sh.svg]
[www.eact.eu/Core/Images/Flags/1x1/sh.svg]
[www.eact.eu/Core/Images/Flags/4x3/si.svg]
[www.eact.eu/Core/Images/Flags/1x1/si.svg]
[www.eact.eu/Core/Images/Flags/4x3/sj.svg]
[www.eact.eu/Core/Images/Flags/1x1/sj.svg]
[www.eact.eu/Core/Images/Flags/4x3/sk.svg]
[www.eact.eu/Core/Images/Flags/1x1/sk.svg]
[www.eact.eu/Core/Images/Flags/4x3/sl.svg]
[www.eact.eu/Core/Images/Flags/1x1/sl.svg]
[www.eact.eu/Core/Images/Flags/4x3/sm.svg]
[www.eact.eu/Core/Images/Flags/1x1/sm.svg]
[www.eact.eu/Core/Images/Flags/4x3/sn.svg]
[www.eact.eu/Core/Images/Flags/1x1/sn.svg]
[www.eact.eu/Core/Images/Flags/4x3/so.svg]
[www.eact.eu/Core/Images/Flags/1x1/so.svg]
[www.eact.eu/Core/Images/Flags/4x3/sr.svg]
[www.eact.eu/Core/Images/Flags/1x1/sr.svg]
[www.eact.eu/Core/Images/Flags/4x3/ss.svg]
[www.eact.eu/Core/Images/Flags/1x1/ss.svg]
[www.eact.eu/Core/Images/Flags/4x3/st.svg]
[www.eact.eu/Core/Images/Flags/1x1/st.svg]
[www.eact.eu/Core/Images/Flags/4x3/sv.svg]
[www.eact.eu/Core/Images/Flags/1x1/sv.svg]
[www.eact.eu/Core/Images/Flags/4x3/sx.svg]
[www.eact.eu/Core/Images/Flags/1x1/sx.svg]
[www.eact.eu/Core/Images/Flags/4x3/sy.svg]
[www.eact.eu/Core/Images/Flags/1x1/sy.svg]
[www.eact.eu/Core/Images/Flags/4x3/sz.svg]
[www.eact.eu/Core/Images/Flags/1x1/sz.svg]
[www.eact.eu/Core/Images/Flags/4x3/tc.svg]
[www.eact.eu/Core/Images/Flags/1x1/tc.svg]
[www.eact.eu/Core/Images/Flags/4x3/td.svg]
[www.eact.eu/Core/Images/Flags/1x1/td.svg]
[www.eact.eu/Core/Images/Flags/4x3/tf.svg]
[www.eact.eu/Core/Images/Flags/1x1/tf.svg]
[www.eact.eu/Core/Images/Flags/4x3/tg.svg]
[www.eact.eu/Core/Images/Flags/1x1/tg.svg]
[www.eact.eu/Core/Images/Flags/4x3/th.svg]
[www.eact.eu/Core/Images/Flags/1x1/th.svg]
[www.eact.eu/Core/Images/Flags/4x3/tj.svg]
[www.eact.eu/Core/Images/Flags/1x1/tj.svg]
[www.eact.eu/Core/Images/Flags/4x3/tk.svg]
[www.eact.eu/Core/Images/Flags/1x1/tk.svg]
[www.eact.eu/Core/Images/Flags/4x3/tl.svg]
[www.eact.eu/Core/Images/Flags/1x1/tl.svg]
[www.eact.eu/Core/Images/Flags/4x3/tm.svg]
[www.eact.eu/Core/Images/Flags/1x1/tm.svg]
[www.eact.eu/Core/Images/Flags/4x3/tn.svg]
[www.eact.eu/Core/Images/Flags/1x1/tn.svg]
[www.eact.eu/Core/Images/Flags/4x3/to.svg]
[www.eact.eu/Core/Images/Flags/1x1/to.svg]
[www.eact.eu/Core/Images/Flags/4x3/tr.svg]
[www.eact.eu/Core/Images/Flags/1x1/tr.svg]
[www.eact.eu/Core/Images/Flags/4x3/tt.svg]
[www.eact.eu/Core/Images/Flags/1x1/tt.svg]
[www.eact.eu/Core/Images/Flags/4x3/tv.svg]
[www.eact.eu/Core/Images/Flags/1x1/tv.svg]
[www.eact.eu/Core/Images/Flags/4x3/tw.svg]
[www.eact.eu/Core/Images/Flags/1x1/tw.svg]
[www.eact.eu/Core/Images/Flags/4x3/tz.svg]
[www.eact.eu/Core/Images/Flags/1x1/tz.svg]
[www.eact.eu/Core/Images/Flags/4x3/ua.svg]
[www.eact.eu/Core/Images/Flags/1x1/ua.svg]
[www.eact.eu/Core/Images/Flags/4x3/ug.svg]
[www.eact.eu/Core/Images/Flags/1x1/ug.svg]
[www.eact.eu/Core/Images/Flags/4x3/um.svg]
[www.eact.eu/Core/Images/Flags/1x1/um.svg]
[www.eact.eu/Core/Images/Flags/4x3/us.svg]
[www.eact.eu/Core/Images/Flags/1x1/us.svg]
[www.eact.eu/Core/Images/Flags/4x3/uy.svg]
[www.eact.eu/Core/Images/Flags/1x1/uy.svg]
[www.eact.eu/Core/Images/Flags/4x3/uz.svg]
[www.eact.eu/Core/Images/Flags/1x1/uz.svg]
[www.eact.eu/Core/Images/Flags/4x3/va.svg]
[www.eact.eu/Core/Images/Flags/1x1/va.svg]
[www.eact.eu/Core/Images/Flags/4x3/vc.svg]
[www.eact.eu/Core/Images/Flags/1x1/vc.svg]
[www.eact.eu/Core/Images/Flags/4x3/ve.svg]
[www.eact.eu/Core/Images/Flags/1x1/ve.svg]
[www.eact.eu/Core/Images/Flags/4x3/vg.svg]
[www.eact.eu/Core/Images/Flags/1x1/vg.svg]
[www.eact.eu/Core/Images/Flags/4x3/vi.svg]
[www.eact.eu/Core/Images/Flags/1x1/vi.svg]
[www.eact.eu/Core/Images/Flags/4x3/vn.svg]
[www.eact.eu/Core/Images/Flags/1x1/vn.svg]
[www.eact.eu/Core/Images/Flags/4x3/vu.svg]
[www.eact.eu/Core/Images/Flags/1x1/vu.svg]
[www.eact.eu/Core/Images/Flags/4x3/wf.svg]
[www.eact.eu/Core/Images/Flags/1x1/wf.svg]
[www.eact.eu/Core/Images/Flags/4x3/ws.svg]
[www.eact.eu/Core/Images/Flags/1x1/ws.svg]
[www.eact.eu/Core/Images/Flags/4x3/ye.svg]
[www.eact.eu/Core/Images/Flags/1x1/ye.svg]
[www.eact.eu/Core/Images/Flags/4x3/yt.svg]
[www.eact.eu/Core/Images/Flags/1x1/yt.svg]
[www.eact.eu/Core/Images/Flags/4x3/za.svg]
[www.eact.eu/Core/Images/Flags/1x1/za.svg]
[www.eact.eu/Core/Images/Flags/4x3/zm.svg]
[www.eact.eu/Core/Images/Flags/1x1/zm.svg]
[www.eact.eu/Core/Images/Flags/4x3/zw.svg]
[www.eact.eu/Core/Images/Flags/1x1/zw.svg]
[www.eact.eu/Core/Images/Flags/4x3/es-ct.svg]
[www.eact.eu/Core/Images/Flags/1x1/es-ct.svg]
[www.eact.eu/Core/Images/Flags/4x3/eu.svg]
[www.eact.eu/Core/Images/Flags/1x1/eu.svg]
[www.eact.eu/Core/Images/Flags/4x3/gb-eng.svg]
[www.eact.eu/Core/Images/Flags/1x1/gb-eng.svg]
[www.eact.eu/Core/Images/Flags/4x3/gb-nir.svg]
[www.eact.eu/Core/Images/Flags/1x1/gb-nir.svg]
[www.eact.eu/Core/Images/Flags/4x3/gb-sct.svg]
[www.eact.eu/Core/Images/Flags/1x1/gb-sct.svg]
[www.eact.eu/Core/Images/Flags/4x3/gb-wls.svg]
[www.eact.eu/Core/Images/Flags/1x1/gb-wls.svg]
[www.eact.eu/Core/Images/Flags/4x3/un.svg]
[www.eact.eu/Core/Images/Flags/1x1/un.svg]
[www.eact.eu/articles/treasury-first-20-years-of-the-eact/index.html]
[www.eact.eu/Core/Images/NTA/index.html]
[www.eact.eu/Core/Images/NTA/vienna_1520x200.jpg]
[www.eact.eu/Core/Images/Logos/ACTA-Primary-reg.png]
[www.eact.eu/nta/austrian-corporate-treasury-association.html]
[www.eact.eu/Core/Images/NTA/opwz-countryimg-vienna.jpg]
[www.eact.eu/Core/Images/Logos/logo_oepwz_01.png]
[www.eact.eu/nta/opwz-forum-finanzen.html]
[platform.twitter.com/widgets.js]
[www.eact.eu/Core/Images/NTA/ateb-countryimg-brussels3.jpg]
[www.eact.eu/Core/Images/Logos/ATEB-logo-600.jpg]
[www.eact.eu/nta/association-des-tresoriers-d-entreprise-en-belgique.html]
[www.eact.eu/Core/Images/NTA/cact-countryimg-zagreb.jpg]
[www.eact.eu/Core/Images/Logos/CACT-logo-400.jpg]
[www.eact.eu/nta/the-croatian-association-of-corporate-treasurers.html]
[www.eact.eu/Core/Images/NTA/cat-countryimg-prague.jpg]
[www.eact.eu/Core/Images/Logos/CAT-logo-500.jpg]
[www.eact.eu/nta/ceska-asociace-treasury.html]
[www.eact.eu/Core/Images/NTA/fact-countryimg-helsinki.jpg]
[www.eact.eu/Core/Images/Logos/FACT-logo.jpg]
[www.eact.eu/nta/finnish-association-of-corporate-treasurers.html]
[www.eact.eu/Core/Images/NTA/EACT-Paris_AFTE.png]
[www.eact.eu/Core/Images/Logos/logo.png]
[www.eact.eu/nta/association-francaise-des-tresoriers-d-entreprise.html]
[www.eact.eu/Core/Images/NTA/EACT–Germany.png]
[www.eact.eu/Core/Images/Logos/GEFIU-logo-200-sq-147x147.jpg]
[www.eact.eu/nta/association-of-chief-financial-officers-germany-gefiu.html]
[www.eact.eu/Core/Images/Logos/logo-gact-resized.png]
[www.eact.eu/nta/verband-deutscher-treasurer.html]
[www.eact.eu/Core/Images/NTA/hellenic-association-of-treasurers.jpg]
[www.eact.eu/Core/Images/Logos/HAT_Logo-short-description.png]
[www.eact.eu/nta/hellenic-association-of-treasurers.html]
[www.eact.eu/Core/Images/NTA/htc-countryimg-budapest.jpg]
[www.eact.eu/Core/Images/Logos/HTC_Treasury_club_logo_color.png]
[www.eact.eu/nta/hungarian-treasury-club-htc.html]
[www.eact.eu/Core/Images/NTA/iact-countryimg-dublin.jpg]
[www.eact.eu/Core/Images/Logos/IACT-logo-500.jpg]
[www.eact.eu/nta/the-irish-association-of-corporate-treasurers-iact.html]
[www.eact.eu/Core/Images/NTA/aiti-countryimg-milan2.jpg]
[www.eact.eu/Core/Images/Logos/AITI-logo-1000.jpg]
[www.eact.eu/Core/Images/EACT_PDFs/AITI_International_Brochure.pdf]
[www.eact.eu/nta/associazione-italiana-tesorieri-d-impresa-aiti.html]
[www.eact.eu/Core/Images/NTA/atel-countryimg-lux.jpg]
[www.eact.eu/Core/Images/Logos/ATEL_logo_2017_450w.jpg]
[www.eact.eu/nta/association-des-tresoriers-d-entreprise-a-luxembourg-atel.html]
[www.eact.eu/Core/Images/NTA/dact-countryimg-amsterdam.jpg]
[www.eact.eu/Core/Images/Logos/DACT-Logo.png]
[www.eact.eu/nta/dutch-association-of-corporate-treasurers-dact.html]
[www.eact.eu/Core/Images/NTA/pcta-countryimg-warsaw2.jpg]
[www.eact.eu/Core/Images/Logos/PCTA-logo300.jpg]
[www.eact.eu/nta/polish-corporate-treasurers-association.html]
[www.eact.eu/Core/Images/NTA/atr-countryimg-bucharest.jpg]
[www.eact.eu/Core/Images/Logos/ATR-Romania-logo.png]
[www.eact.eu/nta/the-association-of-treasurers-of-romania.html]
[www.eact.eu/Core/Images/NTA/saf-countryimg-bratislava.jpg]
[www.eact.eu/Core/Images/Logos/SAF_logo2-2.png]
[www.eact.eu/nta/slovak-association-of-finance-and-treasury.html]
[www.eact.eu/Core/Images/NTA/scta-countryimg-ljubljana.jpg]
[www.eact.eu/Core/Images/Logos/ZPFS-logo-1000.jpg]
[www.eact.eu/nta/slovenian-corporate-treasury-association.html]
[www.eact.eu/Core/Images/NTA/asset-countryimg-madrid6.jpg]
[www.eact.eu/Core/Images/Logos/asset_logo-1.png]
[www.eact.eu/nta/asociacion-espanola-de-financieros-y-tesoreros-de-empresa.html]
[www.eact.eu/Core/Images/NTA/sact-countryimg-stockholm.jpg]
[www.eact.eu/Core/Images/Logos/IFF-logo-300.jpg]
[www.eact.eu/nta/swedish-association-for-corporate-treasurers.html]
[www.eact.eu/Core/Images/NTA/acts-countryimg-geneva.jpg]
[www.eact.eu/Core/Images/Logos/ACTSR-logo-650.jpg]
[www.eact.eu/nta/swiss-treasury-association.html]
[www.eact.eu/Core/Images/NTA/act-countryimg-london.jpg]
[www.eact.eu/Core/Images/Logos/ACT_logo_2020_Horizontal_300w-2.png]
[www.eact.eu/nta/the-association-of-corporate-treasurers.html]
[www.eact.eu/articles/cmu-the-come-back/index.html]
[www.eact.eu/articles/corporate-treasurers-priorities-2024/index.html]
[www.eact.eu/articles/counterparty-risk-assessment/index.html]
[eact.eu/Core/Images/Newsletter/erna-slana.jpg]
[www.eact.eu/articles/20-years-of-scta/index.html]
[eact.eu/Core/Images/Events/dact-academy-3.png]
[www.eact.eu/articles/overview-dacts-autumn-events/index.html]
[www.eact.eu/articles/inflation-tapeworm-mnc-shocks/index.html]
[www.eact.eu/articles/whats-in-store-for-psd3/index.html]
[www.eact.eu/articles/gact-treasury-day-2023/index.html]
[www.eact.eu/articles/the-move-from-ibors-to-risk-free-rates/index.html]
[www.eact.eu/articles/bank-collapse-prompted-liquidity-rethink/index.html]
[www.eact.eu/articles/fx-mambo-number-five/index.html]
[www.eact.eu/articles/priorities-for-treasurers-2023/index.html]
[www.eact.eu/articles/german-treasurers-to-do-list/index.html]
[www.eact.eu/articles/journey-to-capital-market-far-from-easy/index.html]
[eact.eu/Core/Images/Survey 23/eact-survey-image-1_replacement.jpg]
[eact.eu/Core/Images/Survey 23/eact-survey-image-2_replacement.jpg]
[eact.eu/Core/Images/Survey 23/eact-survey-image-3-replacement.jpg]
[eact.eu/Core/Images/Survey 23/eact-survey-image-4.jpg]
[eact.eu/Core/Images/Survey 23/eact-survey-image-5-replacement.jpg]
[www.eact.eu/articles/eact-treasury-survey-2023/index.html]
[eact.eu/Core/Images/newsletter/act-findings-on-fraud.png]
[eact.eu/Core/Images/Newsletter/Typical-APP.png]
[www.eact.eu/articles/mitigating-online-payments-fraud/index.html]
[www.eact.eu/articles/noose-tightening-financing-companies/index.html]
[www.eact.eu/articles/maxmise-risk-return-short-term/index.html]
[www.eact.eu/articles/overcome-fear-and-anxiety/index.html]
[www.eact.eu/articles/caught-in-the-middle/index.html]
[www.eact.eu/articles/how-to-stop-the-lagging-slovak-economy/index.html]
[eact.eu/Core/Images/Newsletter/supertramp-crisis.jpg]
[www.eact.eu/articles/crisis-what-crisis/index.html]
[www.eact.eu/articles/emir-echternach-procession/index.html]
[www.eact.eu/articles/instant-payments-eu-proposal/index.html]
[eact.eu/Core/Images/ACT/actd.jpg]
[www.eact.eu/articles/act-annual-dinner/index.html]
[www.eact.eu/articles/german-treasurers-anniversary/index.html]
[www.eact.eu/articles/expanding-world-of-treasurers/index.html]
[www.eact.eu/articles/hat-2nd-international-treasury-summit/index.html]
[www.eact.eu/articles/act-returns-to-singapore/index.html]
[www.eact.eu/articles/evangelization-treasury-functions/index.html]
[www.eact.eu/articles/financial-regs-threats-opportunities/index.html]
[eact.eu/Core/Images/Articles/PCTA img (Jul22).jpg]
[www.eact.eu/articles/treasurers-energy/index.html]
[www.eact.eu/articles/debra-next-tax-reform-europe/index.html]
[www.eact.eu/articles/impact-ukraine-energy-hedges/index.html]
[eact.eu/Core/Images/Articles/0527-286-EACT-Surveyfig1-1536x1319.png]
[eact.eu/Core/Images/Articles/0527-286-EACT-Surveyfig2-1536x958.png]
[eact.eu/Core/Images/Articles/0527-286-EACT-Surveyfig3-1536x1055 (1).png]
[eact.eu/Core/Images/Articles/0527-286-EACT-Surveyfig4-1536x995.png]
[eact.eu/Core/Images/Articles/0527-286-EACT-Surveyfig5-1536x1148.png]
[eact.eu/Core/Images/Articles/0527-286-EACT-Surveyfig6-1-1536x982.png]
[www.eact.eu/articles/taking-temperature-european-treasurers/index.html]
[www.eact.eu/articles/is-the-dollar-still-king/index.html]
[www.eact.eu/articles/juggling-liquidity/index.html]
[www.eact.eu/articles/vdt-risk-day/index.html]
[www.eact.eu/articles/transposition-basel-european-law/index.html]
[eact.eu/Core/Images/ACT/EACT News Feb 22 - UK ACT live event auction photo 2 (1).jpg]
[eact.eu/Core/Images/ACT/EACT News Feb 22 - UK ACT live event auction photo 1 (1).jpg]
[www.eact.eu/articles/live-events-are-back-at-the-act/index.html]
[eact.eu/Core/Images/ACTA/acta-executive-board.jpg]
[www.eact.eu/articles/acta-celebrates-fourth-anniversary/index.html]
[www.eact.eu/articles/esg-shifts-the-baselines/index.html]
[www.eact.eu/articles/review-of-emir-thresholds-by-esma/index.html]
[www.eact.eu/articles/trust-patience-gratitude/index.html]
[www.eact.eu/articles/gathering-avalanche-green-questions/index.html]
[www.eact.eu/articles/the-return-of-inflation/index.html]
[eact.eu/Core/Images/Events/ACT-reps.jpg]
[www.eact.eu/articles/act-wins-big/index.html]
[www.eact.eu/articles/hat-celebrates-first-birthday/index.html]
[www.eact.eu/articles/vdt-treasury-day-2021/index.html]
[www.eact.eu/articles/cee-forum-2021/index.html]
[www.eact.eu/articles/the-treasurer-of-the-world-after/index.html]
[eact.eu/Core/Images/Articles/PCTA_chart.png]
[www.eact.eu/articles/blockchain-liquid-fuel-supply-chain/index.html]
[www.eact.eu/articles/deeper-focus-on-treasury/index.html]
[www.eact.eu/articles/the-secrets-of-prioritisation/index.html]
[www.eact.eu/articles/our-role-as-finance-team-new-normal/index.html]
[www.eact.eu/articles/technological-readiness-of-treasury-cz/index.html]
[www.eact.eu/articles/fraud-prevention-role-of-treasury/index.html]
[eact.eu/Core/Images/Articles/Picture1.jpg]
[www.eact.eu/articles/vdt-summerschool-treasury-2021/index.html]
[www.eact.eu/articles/cross-border-payments-uk/index.html]
[www.eact.eu/articles/eact-award-2021-revealing-the-winner/index.html]
[www.eact.eu/articles/schuldschein-sita-rebuild-airline/index.html]
[www.eact.eu/articles/tackling-libor-transition-today/index.html]
[www.eact.eu/articles/crisis-coping-strategies/index.html]
[eact.eu/Core/Images/Newsletter/EACT_exotic-diagram.png]
[www.eact.eu/articles/cross-border-currency-payment-exotic/index.html]
[www.eact.eu/articles/taming-sitas-payments-set-up/index.html]
[www.eact.eu/articles/eact-treasury-roundtable-gleif/index.html]
[www.eact.eu/articles/health-crisis-impact-treasury-technology/index.html]
[www.eact.eu/articles/regulatory-round-up-with-the-eact/index.html]
[www.eact.eu/articles/from-bitcoin-to-cbdc/index.html]
[www.eact.eu/articles/eact-award-2021/index.html]
[www.eact.eu/articles/fx-hedging-game-changer/index.html]
[www.eact.eu/articles/general-trends-tms-solutions/index.html]
[www.eact.eu/articles/approach-to-preventing-fraud/index.html]
[eact.eu/Core/Images/newsletter/rop-image-eact(nov-20).png]
[www.eact.eu/articles/return-on-purpose/index.html]
[www.eact.eu/articles/libor-transition-regulators/index.html]
[www.eact.eu/articles/an-interview-with-jean-marc-servat/index.html]
[www.eact.eu/articles/vdt-innovation-award-cash/index.html]
[www.eact.eu/articles/news-from-the-vdt/index.html]
[www.eact.eu/Core/JS/plugins/emoticons/img/smiley-smile.gif]
[www.eact.eu/articles/communicating-in-a-virtual-world/index.html]
[www.eact.eu/Core/Images/Articles/EACT-ACT-Central-Bank-Digital-Currencies_graph.png]
[www.eact.eu/articles/central-bank-digital-currencies/index.html]
[www.eact.eu/articles/payment-factories-vdt/index.html]
[www.eact.eu/articles/tax-issues-in-times-of-crisis/index.html]
[www.eact.eu/articles/digitisation-road-again/index.html]
[www.eact.eu/articles/eu-financial-regulation-corporates/index.html]
[www.eact.eu/Core/Images/risk/liquidity-measures-as-per-need-and-urgency.png]
[www.eact.eu/articles/cash-working-capital-coronavirus/index.html]
[www.eact.eu/articles/forewarned-is-forearmed/index.html]
[eact.eu/Core/Images/risk/risk-matrix-diagram-1.png]
[eact.eu/Core/Images/risk/risk-matrix-diagram-2.png]
[www.eact.eu/articles/tools-to-identify-and-mitigate-risks/index.html]
[eact.eu/Core/Images/1treasurypriorities.png]
[eact.eu/Core/Images/2treasuryinnovation.png]
[eact.eu/Core/Images/3topicsofinterest.png]
[eact.eu/Core/Images/4treasurersinvolvement.png]
[eact.eu/Core/Images/5centralisationchallenges.png]
[eact.eu/Core/Images/6ESG.png]
[www.eact.eu/articles/covid-treasury-insights-2020-survey/index.html]
[www.eact.eu/articles/managing-the-working-capital-gap/index.html]
[www.eact.eu/articles/eact-award-2020/index.html]
[www.eact.eu/articles/fx-hedging-in-volatile-markets/index.html]
[www.eact.eu/articles/cash-flow-forecasting-in-uncertain-times/index.html]
[www.eact.eu/articles/managing-liquidity-at-a-time-of-crisis/index.html]
[www.eact.eu/articles/corona-and-its-effects/index.html]
[www.eact.eu/articles/planning-liquidity-requirements-covid-19/index.html]
[www.eact.eu/articles/life-in-treasury-associations-apr-20/index.html]
[www.eact.eu/articles/defence-against-fraud-and-cyberattack/index.html]
[www.eact.eu/articles/protecting-employees-protecting-the-bus/index.html]
[www.eact.eu/articles/implementation-of-psd2-in-germany/index.html]
[www.eact.eu/articles/european-companies-financial-risks/index.html]
[www.eact.eu/articles/german-eid-initiative/index.html]
[www.eact.eu/articles/european-treasurers-join-forces/index.html]
[www.eact.eu/articles/negative-rates-below-zero/index.html]
[www.eact.eu/articles/eu-policy-initiative-corporate-treasurer/index.html]
[www.eact.eu/articles/vdt-treasury-day/index.html]
[www.eact.eu/articles/recession-ahead/index.html]
[www.eact.eu/articles/eu-policy-cycle-2019-2024/index.html]
[www.eact.eu/articles/european-institutions-continuity/index.html]
[www.eact.eu/articles/determination-euribor-eonia/index.html]
[www.eact.eu/articles/eact-celebrates-atel-25/index.html]
[www.eact.eu/articles/cee-forum-trends-in-brno/index.html]
[www.eact.eu/articles/emir-refit-intercompany-exemption/index.html]
[www.eact.eu/Core/Images/Articles/vdt-image.html]
[www.eact.eu/articles/account-management-in-transition/index.html]
[www.eact.eu/articles/trojan-war-will-not-happen/index.html]
[www.eact.eu/articles/european-parliament-fractured-political/index.html]
[www.eact.eu/articles/election-to-alter-dynamics-mandate/index.html]
[www.eact.eu/articles/cybersecurity-risk-assessment/index.html]
[www.eact.eu/articles/cryptocurrencies-czech-financial-market/index.html]
[www.eact.eu/articles/briefing-focus-sustainable-finance/index.html]
[www.eact.eu/articles/briefing-focus-trade-finance-innovation/index.html]
[www.eact.eu/articles/briefing-focus-swift-gpi/index.html]
[www.eact.eu/articles/briefing-focus-instant-payments/index.html]
[www.eact.eu/articles/briefing-focus-kyc/index.html]
[www.eact.eu/news/172/eact-award-2024/index.html]
[www.eact.eu/news/171/eact-survey-2023-news/index.html]
[eact.eu/Core/Images/EACT_VDT_Rep_Handover_Apr23_v2sc.png]
[www.eact.eu/news/170/handover-of-baton-vdt/index.html]
[eact.eu/Core/Images/EACT Award/eact-award-pic-2_resized.jpg]
[eact.eu/Core/Images/EACT Award/eact-award-pic-1_resized.jpg]
[www.eact.eu/news/169/eact-award-23-winner/index.html]
[www.eact.eu/news/168/eact-award-2023/index.html]
[www.eact.eu/news/167/pcta-fifteen-years/index.html]
[treasury-management.com/wp-content/uploads/2022/03/borealis-eact-award-winner-2022_1000w.png]
[www.eact.eu/news/166/eact-awards-2022/index.html]
[treasury-management.com/wp-content/uploads/2021/12/eact-christmas-card_2021_1200w-FINAL.png]
[www.eact.eu/news/165/happy-holidays-2021/index.html]
[eact.eu/Core/Images/people/Francois-Masquelier_400h.png]
[eact.eu/Core/Images/people/JMServat_400h.png]
[www.eact.eu/news/163/new-board-chair-announcement/index.html]
[www.eact.eu/news/164/journeys-to-treasury-2021-2022/index.html]
[eact.eu/Core/Images/Newsletter/EACT_webinar-2_newsletter-header.png]
[eact.eu/Core/Images/newsletter/Czech_EACT-article(1198x249).jpg]
[eact.eu/Core/Images/newsletter/EACT_New-normal(1198x249).jpg]
[eact.eu/Core/Images/Newsletter/prioritisation_EACT(1198x249).jpg]
[eact.eu/Core/Images/Newsletter/VDT_summerschool(1198x249).jpg]
[eact.eu/Core/Images/Newsletter/deeper-focus_eact(1198x249).jpg]
[eact.eu/Core/Images/Newsletter/EACT_Fuel(1198x249).jpg]
[www.eact.eu/news/162/newsletter-september-21/index.html]
[www.eact.eu/news/161/eact-in-action-replay-fraud-prevention/index.html]
[eact.eu/Core/Images/people/Dr-Gerd-Berghold-1 - opt1 - 500sq.png]
[www.eact.eu/news/160/fast-track-deutsche-bahn-eact-award/index.html]
[eact.eu/Core/Images/News/eact_priorities_survey_image-1(resized).png]
[eact.eu/Core/Images/News/eact_t-stand.png]
[www.eact.eu/news/159/eact-survey-2021-results/index.html]
[eact.eu/Core/Images/newsletter/EACT_webinar_newsletter-image(920x).png]
[eact.eu/Core/Images/newsletter/eact-award(920x192).jpg]
[eact.eu/Core/Images/newsletter/to-be-or-not-to.png]
[eact.eu/Core/Images/newsletter/exotic-payments(920x192).png]
[eact.eu/Core/Images/newsletter/crisis-coping-strategies(920x192).png]
[eact.eu/Core/Images/newsletter/0607-282-LIBORWEB(920x192).png]
[eact.eu/Core/Images/newsletter/0420-281-SITAMAG(920x192).png]
[www.eact.eu/news/158/newsletter-june-21/index.html]
[www.eact.eu/news/157/podcast-customer-reference-data/index.html]
[www.eact.eu/news/156/eact-in-action-streamline-reference-data/index.html]
[www.eact.eu/news/155/eact-welcomes-member-hellenic-treasurers/index.html]
[eact.eu/Core/Images/podcast/EACT_JTT-pod-2_speakers.png]
[www.eact.eu/news/154/podcast-digitisation-post-covid/index.html]
[www.eact.eu/news/153/eact-in-action/index.html]
[eact.eu/Core/Images/podcast/JTT_podcast-speakers_EACT.png]
[www.eact.eu/news/152/podcast-trends-corporate-treasury-2021/index.html]
[eact.eu/Core/Images/Articles/eact_reg-roundup(915x455).png]
[eact.eu/Core/Images/Newsletter/gleif-article_eact(resize-2).png]
[eact.eu/Core/Images/Newsletter/SITA(920x192).png]
[eact.eu/Core/Images/Newsletter/treasury_health-technology(920x192).png]
[eact.eu/Core/Images/Newsletter/eact-award-update_2021(920x).png]
[www.eact.eu/news/151/eact-newsletter-march-2021/index.html]
[www.eact.eu/news/150/cdbcs-what-treasurers-need-to-know/index.html]
[eact.eu/Core/Images/eact-award(1500x745).jpg]
[eact.eu/Core/Images/jms-interview(1198x249).png]
[eact.eu/Core/Images/eact-libor-nov-20(1198x249).jpg]
[eact.eu/Core/Images/reupload-cbdc(1198x249).jpg]
[eact.eu/Core/Images/third-country-benchmark(1198x249).jpg]
[eact.eu/Core/Images/eact-newsletter-9(1198x249).jpg]
[eact.eu/Core/Images/blog-header-tmi(1198x247).jpg]
[eact.eu/Core/Images/webinar-capure-eact(1198x249).png]
[eact.eu/Core/Images/avebe-award(1198x249).jpg]
[eact.eu/Core/Images/vdt(1198x405).png]
[eact.eu/Core/Images/cybersecurity-eact-nov-20(1198x249).jpg]
[eact.eu/Core/Images/tms-eact-nov-20(1198x249).jpg]
[eact.eu/Core/Images/rop-nov-20(1198x249).jpg]
[www.eact.eu/news/149/eact-newsletter-december-2020/index.html]
[www.eact.eu/news/148/global-coalition-fight-financial-crime/index.html]
[www.eact.eu/news/146/royal-avebe-wins-dact-award/index.html]
[www.eact.eu/news/145/eact-lma-webinar-recording/index.html]
[www.eact.eu/news/144/eact-cross-industry-request-transition/index.html]
[www.eact.eu/news/143/eact-gleif-webinar-recording/index.html]
[www.eact.eu/news/142/eact-responds-eu-green-bond-standard/index.html]
[eact.eu/Core/Images/central-bank-digi-currency-eact(1500x745).png]
[eact.eu/Core/Images/jtt-newsletter-image.png]
[eact.eu/Core/Images/financial-reg-eact-jpg (1198x249).png]
[eact.eu/Core/Images/eact-virtual-communication (1198x249).png]
[eact.eu/Core/Images/tax-eact-sept-20 (1198x249).png]
[eact.eu/Core/Images/vdt-pmf (1198x249).png]
[eact.eu/Core/Images/move-to-digitisation-eact (1198x249).png]
[www.eact.eu/news/141/eact-newsletter-september-2020/index.html]
[www.eact.eu/news/140/briefing-focus-sustainable-finance/index.html]
[www.eact.eu/news/139/jtt-innovation-agility-resilience/index.html]
[www.eact.eu/news/138/commission-response-sustainable-strategy/index.html]
[eact.eu/Core/Images/people/tarek-eact-300.jpg]
[www.eact.eu/news/136/tarek-tranberg-public-affairs-policy/index.html]
[www.eact.eu/news/135/eact-responds-to-ec-digi-finance/index.html]
[www.eact.eu/news/134/eact-responds-to-european-commission/index.html]
[eact.eu/Core/Images/risk/eact-survey-newsletter-iamge.png]
[eact.eu/Core/Images/newsletter/fx-hedging-jtt.png]
[eact.eu/Core/Images/newsletter/working-capital-jtt.png]
[eact.eu/Core/Images/newsletter/cash-flow-forecasting-jtt.png]
[eact.eu/Core/Images/News/VDT-logo-1000x200.jpg]
[www.eact.eu/news/133/eact-newsletter-june-2020/index.html]
[eact.eu/Core/Images/News/JTTbitesize_crop2.jpg]
[eact.eu/Core/Images/News/covid-19-crop.jpg]
[eact.eu/Core/Images/News/ACTlogo_1000x200.jpg]
[www.eact.eu/news/131/eact-newsletter-april-2020/index.html]
[www.eact.eu/news/130/covid-19-resource-centre/index.html]
[www.eact.eu/news/129/eact-newsletter-feb-2020/index.html]
[www.eact.eu/news/128/eact-briefing-focus-trade-finance-inno/index.html]
[www.eact.eu/news/126/eact-responds-to-european-commission-consultation-on-implementing-the-final-basel-iii-reforms-in-the-eu/index.html]
[www.eact.eu/news/127/eact-responds-to-esma-consultation-on-review-of-the-market-abuse-regulation-and-potential-extension-of-its-scope-to-fx-spot-markets/index.html]
[www.eact.eu/news/125/eact-newsletter-dec-2019/index.html]
[www.eact.eu/news/124/eact-newsletter-oct-2019/index.html]
[www.eact.eu/news/123/journeys-to-treasury-2019-2020/index.html]
[www.eact.eu/news/122/vision-on-financial-regulation/index.html]
[www.eact.eu/news/121/eact-newsletter-june-2019/index.html]
[www.eact.eu/news/120/eact-newsletter-april-2019/index.html]
[www.eact.eu/news/119/eact-newsletter-march-2019/index.html]
[www.eact.eu/news/118/eact-briefing-focus-kyc/index.html]
[www.eact.eu/news/117/eact-newsletter-february-2019/index.html]
[www.eact.eu/news/116/eact-briefing-focus-instant-payment/index.html]
[www.eact.eu/news/115/eact-newsletter-december-2018/index.html]
[www.eact.eu/news/113/eact-newsletter-september-2018/index.html]
[www.eact.eu/news/112/journeys-to-treasury-2018-the-digital-treasury-becomes-a-reality/index.html]
[www.eact.eu/news/111/eact-briefing-focus-swift-gpi/index.html]
[www.eact.eu/news/114/eact-newsletter-july-2018/index.html]
[www.eact.eu/news/110/eact-fx-global-code/index.html]
[www.eact.eu/news/109/eact-summit-2018-magazine/index.html]
[www.eact.eu/news/108/is-your-company-protected-from-cyber-threats/index.html]
[www.eact.eu/news/107/eact-newsletter-may-2018/index.html]
[www.eact.eu/news/106/eact-newsletter-april-2018/index.html]
[www.eact.eu/news/105/the-eact-enlarges-its-membership-with-austrian-and-romanian-treasury-associations-joining/index.html]
[www.eact.eu/news/104/eact-newsletter-january-2018/index.html]
[www.eact.eu/news/102/corporates-steer-journeys-to-treasury-2017-spotlight-on-data-analytics-compliance-and-cybersecurity/index.html]
[www.eact.eu/news/1/eact-newsletter-october-2017/index.html]
[www.eact.eu/news/2/joint-non-financial-corporates-letter-on-emir-reporting-rtss/index.html]
[www.eact.eu/news/3/emir-refit-proposals-impact-on-corporate-end-users/index.html]
[www.eact.eu/news/4/letter-to-epc-remittance-information-for-sepa-payments/index.html]
[www.eact.eu/news/5/eact-response-to-the-european-commissions-consultation-on-fintech-a-more-competitive-and-innovative-european-financial-sector/index.html]
[www.eact.eu/news/6/eact-newsletter-june-2017/index.html]
[www.eact.eu/news/7/the-eact-welcomes-the-adoption-of-the-global-fx-code-of-conduct/index.html]
[www.eact.eu/news/8/eact-summit-newsletter-may-2017/index.html]
[www.eact.eu/news/9/eact-response-to-the-ecs-consultation-on-the-operations-of-the-european-supervisory-authorities/index.html]
[www.eact.eu/news/10/emir-review-corporate-end-user-statement/index.html]
[www.eact.eu/news/11/response-to-the-european-commissions-consultation-on-cmu-mid-term-review/index.html]
[www.eact.eu/news/12/eact-newsletter-january-2017/index.html]
[www.eact.eu/news/13/corporate-end-user-comments-on-emir-review-ec-non-papers/index.html]
[www.eact.eu/news/14/eact-response-to-esma-consultation-on-draft-regulatory-technical-standards-for-the-securities-financing-transactions-regulation-sftr/index.html]
[www.eact.eu/news/15/eact-letter-on-mmf-regulation-trilogues/index.html]
[www.eact.eu/news/16/journeys-to-treasury-digital-report/index.html]
[www.eact.eu/news/17/bnp-paribas-eact-pwc-and-sap-join-forces-to-help-corporate-treasurers-design-their-own-journey-to-treasury/index.html]
[www.eact.eu/news/18/letter-to-basel-committee-on-changes-to-leverage-ratio-framework/index.html]
[www.eact.eu/news/19/letter-to-basel-committee-on-reducing-variation-in-credit-risk-weighted-assets/index.html]
[www.eact.eu/news/20/response-to-emsa-consultation-on-the-clearing-obligation-for-financial-counterparties-with-a-limited-volume-of-activity/index.html]
[www.eact.eu/news/21/eact-chair-appointed-to-esmas-new-securities-and-markets-stakeholder-group/index.html]
[www.eact.eu/news/22/response-to-net-stable-funding-ratio-nsfr-consultation/index.html]
[www.eact.eu/news/23/briefing-paper-on-planned-changes-to-the-ecb-fx-reference-rates/index.html]
[www.eact.eu/news/24/mifid2-clarification-for-non-financial-end-users-transacting-on-multilateral-electronic-trading-platforms/index.html]
[www.eact.eu/news/25/eact-response-to-the-european-bank-authoritys-consultation-on-the-treatment-of-cva-under-srep/index.html]
[www.eact.eu/news/26/eact-response-to-ec-call-for-evidence-on-eu-regulatory-framework-for-financial-services/index.html]
[www.eact.eu/news/27/press-release-leading-european-companies-unite-against-proposals-damaging-financial-risk-management/index.html]
[www.eact.eu/news/28/eact-position-on-esma-report-on-use-of-otc-derivatives-by-non-financial-counterparties/index.html]
[www.eact.eu/news/29/eact-response-to-bcbs-consultative-document-on-review-of-the-credit-valuation-adjustment-risk-framework/index.html]
[www.eact.eu/news/30/eact-response-to-european-commission-consultation-on-emir/index.html]
[www.eact.eu/news/31/eact-survey-report-on-cost-of-emir-compliance/index.html]
[www.eact.eu/news/32/eact-statement-on-the-eba-review-of-the-crr-cva-exemption/index.html]
[www.eact.eu/news/33/eact-announces-jean-marc-servat-as-new-chairman/index.html]
[www.eact.eu/news/34/eact-response-to-european-commission-green-paper-on-building-a-capital-markets-union/index.html]
[www.eact.eu/news/35/eact-response-to-the-european-commissions-consultation-on-capital-markets-union/index.html]
[www.eact.eu/news/36/eact-letter-to-the-european-commission-on-the-definition-of-fx-derivatives/index.html]
[www.eact.eu/news/37/comments-on-esmas-call-for-evidence-on-competition-choice-and-conflicts-of-interest-in-the-cra-industry-2/index.html]
[www.eact.eu/news/38/eact-letter-to-econ-rapporteur-gunnar-hokmark/index.html]
[www.eact.eu/news/39/eact-survey-the-cost-of-emir-compliance-for-non-financial-companies/index.html]
[www.eact.eu/news/40/eact-response-to-esma-consultation-paper-on-mifid-ii-mifir/index.html]
[www.eact.eu/news/41/eact-statement-on-econ-position-on-mmf-regulation/index.html]
[www.eact.eu/news/42/european-commission-green-paper-on-building-a-capital-markets-union/index.html]
[www.eact.eu/news/43/the-real-impact-of-derivatives-regulation-time-to-challenge-esma-with-the-realities/index.html]
[www.eact.eu/news/44/eact-response-to-esmas-consultation-on-the-technical-standards-on-reporting-under-article-9-of-emir/index.html]
[www.eact.eu/news/45/feedback-on-the-position-paper-on-the-evolution-of-ice-libor/index.html]
[www.eact.eu/news/46/eact-letter-on-crd-iv-cva-exemption/index.html]
[www.eact.eu/news/47/eact-complaint-to-eu-ombudsman-regarding-main-esma-stakeholder-group/index.html]
[www.eact.eu/news/48/emir-implementation-for-corporates-issues-with-trade-repositories-new-requirements/index.html]
[www.eact.eu/news/49/influence-financial-regulation-in-brussels-on-behalf-of-treasurers-and-the-real-economy/index.html]
[www.eact.eu/news/50/eact-briefing-paper-for-meps/index.html]
[www.eact.eu/news/51/eact-position-statement-on-european-commission-proposal-for-bank-structure-reform/index.html]
[www.eact.eu/news/52/eact-response-to-the-consultation-on-margin-requirements/index.html]
[www.eact.eu/news/53/the-eact-reval-invite-you-to-participate-in-the-treasury-benchmarking-survey-2014/index.html]
[www.eact.eu/news/54/response-to-the-european-commission-consultation-on-foreign-exchange-financial-instruments/index.html]
[www.eact.eu/news/55/eact-comments-on-the-commission-proposal-for-payment-services-directive-ii/index.html]
[www.eact.eu/news/56/eact-letter-to-commissioner-barnier-on-emir-implementation/index.html]
[www.eact.eu/news/57/response-to-the-financial-stability-boards-consultation-on-the-feasibility-study-on-approaches-to-aggregate-otc-derivatives-data/index.html]
[www.eact.eu/news/58/eact-letter-on-capital-market-funding-2/index.html]
[www.eact.eu/news/59/position-statement-on-the-eus-proposed-money-market-funds-regulation/index.html]
[www.eact.eu/news/60/taming-the-money-market-beast-a-financial-times-video/index.html]
[www.eact.eu/news/61/european-commission-consultation-on-the-review-of-the-european-system-of-financial-supervision/index.html]
[www.eact.eu/news/62/letter-on-cross-border-derivatives-regulation/index.html]
[www.eact.eu/news/63/consultation-on-reforming-the-structure-of-the-eu-banking-sector/index.html]
[www.eact.eu/news/64/green-paper-on-long-term-financing-of-the-european-economy/index.html]
[www.eact.eu/news/65/eact-letter-to-jp-morgan-regarding-position-on-cva-exemption/index.html]
[www.eact.eu/news/66/eact-response-to-econ-consultation-on-coherence-of-financial-services-regulation-june-2013/index.html]
[www.eact.eu/news/67/the-impact-of-the-financial-crisis-on-bank-relationships-and-financing-conditions/index.html]
[www.eact.eu/news/68/comments-concerning-the-proposal-for-a-council-directive-implementing-enhanced-cooperation-in-the-area-of-a-financial-transaction-tax/index.html]
[www.eact.eu/news/69/eact-us-coalition-for-derivatives-end-users-submit-responses-to-the-bis-iosco-consultations-on-margin-requirements-for-non-centrally-cleared-derivatives/index.html]
[www.eact.eu/news/70/eact-letter-to-internal-market-commissioner-michel-barnier/index.html]
[www.eact.eu/news/71/eact-makes-its-submission-to-the-uk-governments-libor-review/index.html]
[www.eact.eu/news/72/comments-in-response-to-esma-consultation-paper-draft-technical-standards-for-the-regulation-on-otc-derivatives-ccps-and-trade-repositories/index.html]
[www.eact.eu/news/73/eact-response-to-ec-green-paper-towards-an-integrated-european-market-for-card-internet-and-mobile-payments/index.html]
[www.eact.eu/news/74/eact-response-to-esmaebaeiopa-discussion-paper-on-risk-mitigation-techniques-for-otc-derivatives/index.html]
[www.eact.eu/news/75/eact-response-to-esma-consultation-on-the-implementation-of-the-new-derivatives-regulation/index.html]
[www.eact.eu/news/76/eact-response-to-esma-consultation-paper-guidelines-on-certain-aspects-of-the-mifid-suitability-requirements/index.html]
[www.eact.eu/news/77/eact-comment-on-latest-eu-proposals-for-regulation-of-credit-rating-agencies-and-econ-report/index.html]
[www.eact.eu/news/78/eact-chairmans-presentation-to-econ-committee-of-the-european-parliament-on-the-subject-of-the-financial-transaction-tax-ftt/index.html]
[www.eact.eu/news/79/eact-highlights-european-unions-failure-to-consider-real-economic-impact-of-financial-regulatory-proposals/index.html]
[www.eact.eu/news/80/eact-chairmans-presentation-to-committee-on-economic-and-monetary-affairs-of-the-european-parliament-11-october-2011/index.html]
[www.eact.eu/news/81/comments-in-response-to-european-commissions-questions-on-sepa-governance-email-from-markt-sepaec-europa-eu-dated-23-june-2011/index.html]
[www.eact.eu/news/82/eact-formatting-rules-of-sepa-unstructured-140-characters-field-for-remittance-information/index.html]
[www.eact.eu/news/83/eact-comment-in-response-to-iasb-ed201013-hedge-accounting/index.html]
[www.eact.eu/news/84/eact-response-to-ec-on-markets-in-financial-instruments-directive-mifid/index.html]
[www.eact.eu/photos/EACT_Response_to_CRA_Consultation_Jan2011.pdf]
[www.eact.eu/news/85/ec-credit-ratings-response/index.html]
[www.eact.eu/news/86/response-to-the-ecs-consultation-on-regulation-of-derivatives-and-market-infrastructures/index.html]
[www.eact.eu/news/87/eact-comments-in-response-to-public-consultation-on-derivatives-and-market-infrastructures/index.html]
[www.eact.eu/news/88/eact-presentation-to-the-econ-committee-european-parliament/index.html]
[www.eact.eu/news/89/treasurers-warn-against-allowing-bank-capital-changes-to-reverse-the-progress-achieved-on-derivatives-regulatory-proposals/index.html]
[www.eact.eu/news/90/usa-otc-coalition-for-derivatives-end-users-letter-to-all-senate-offices/index.html]
[www.eact.eu/news/91/eact-leading-european-companies-unite-against-proposed-otc-derivatives-regulations/index.html]
[www.eact.eu/news/92/eact-survey-on-borrowing-conditions-post-crisis/index.html]
[www.eact.eu/fx-code-of-conduct-supporting-associations.html]
[www.eact.eu/fx-code-of-conduct-maintenance-process.html]
[www.eact.eu/Core/Images/Events/eact copy cover.png]
[www.eact.eu/Core/Images/Logos/EACT-Logo_Email.png]
[www.eact.eu/event/102/eact-summit-2024/index.html]
[www.eact.eu/Core/Images/Events/shutterstock_1975385489_1240x600.png]
[treasury-management.com/wp-content/uploads/2022/10/EACT-Nov22-webinar-circle_WF2.png]
[treasury-management.com/wp-content/uploads/2022/10/EACT-Nov22-webinar-circle_BF2.png]
[treasury-management.com/wp-content/uploads/2022/10/EACT-Nov22-webinar-circle_NA2.png]
[treasury-management.com/wp-content/uploads/2022/10/EACT-Nov22-webinar-circle_JB2.png]
[www.eact.eu/event/87/eact-in-action-online-payment-fraud-how-confirmation-of-payee-can-help-corporate-treasurers/index.html]
[www.eact.eu/Core/Images/Events/shutterstock_1703415496_1240x600.png]
[eact.eu/Core/Images/people/EACT-Webinar-Sep21-circle-Gerd.png]
[eact.eu/Core/Images/people/EACT-Webinar-Sep21-circle-Werner.png]
[eact.eu/Core/Images/people/EACT-Webinar-Sep21-circle-CarolineS-2.png]
[www.eact.eu/event/78/eact-in-action-fraud-prevention-and-the-role-of-treasury/index.html]
[www.eact.eu/Core/Images/Events/EACT-webinar_news-image1920x400.jpg]
[eact.eu/Core/Images/people/Noelle-circle-trim.png]
[eact.eu/Core/Images/people/Patrick-H-circle-trim.png]
[eact.eu/Core/Images/people/Severine-circle-trim.png]
[eact.eu/Core/Images/people/Tarek-circle-trim.png]
[eact.eu/Core/Images/people/Stefan-circle-trim.png]
[eact.eu/Core/Images/people/Cornelia_circle-trim.png]
[www.eact.eu/event/73/eact-in-action-kyc-webinar/index.html]
[www.eact.eu/event/77/eact-lma-webinar-libor-transition-amp-reference-rate-reform-2020/index.html]
[www.eact.eu/event/67/gleif-eact-webinar-accelerating-digitisation-of-treasury-with-the-lei/index.html]
[www.eact.eu/Core/Images/Articles/GLEIF-Article-EACT(1198x1249.html]
[www.eact.eu/Core/Images/Articles/EACT-LKSG-Article(1198x249.html]
[www.eact.eu/Core/Images/Articles/CMU_EACT-Article(1198x249.html]
[www.eact.eu/Core/Images/Articles/Corporate-Treasurers-Priorities-2024(1198x249.html]
[www.eact.eu/Core/Images/Articles/EACT_Counterparty-Risk(1198x249.html]
[www.eact.eu/Core/Images/Articles/DACT-events(1198x249.html]
[www.eact.eu/Core/Images/Articles/Inflation-FM(1198x249.html]
[www.eact.eu/Core/Images/Articles/PSD3-FM(1198x249.html]
[www.eact.eu/Core/Images/Articles/GACT-Treasury-Day(1198x249.html]
[www.eact.eu/Core/Images/Articles/VDT_Capital-Markets(1198x249.html]
[www.eact.eu/Core/Images/Articles/EMIR_EACT(cropped.html]
[www.eact.eu/Core/Images/Articles/shutterstock_53218315(1998x249.html]
[www.eact.eu/Core/Images/Articles/AFTE_Annual-Conf(1149x298.html]
[www.eact.eu/Core/Images/Articles/shutterstock_377070661(1198x249.html]
[www.eact.eu/Core/Images/Articles/shutterstock_73570492(1198x249.html]
[www.eact.eu/Core/Images/Articles/shutterstock_172997579(1198x249.html]
[www.eact.eu/Core/Images/Articles/PCTA_Energy(1198x249.html]
[www.eact.eu/Core/Images/Articles/Debra(1198x249.html]
[www.eact.eu/Core/Images/Articles/Ukraine-Energy(1198x249.html]
[www.eact.eu/Core/Images/Articles/0527-286-EACT-Survey(1198x249.html]
[www.eact.eu/Core/Images/Articles/EACT_Dollar-King_ATEL_1998x249(May22.html]
[www.eact.eu/Core/Images/Articles/ASSET_EACT_Juggling-Liquidity(1198x249.html]
[www.eact.eu/Core/Images/Articles/FM_article-Basel(1198x249.html]
[www.eact.eu/Core/Images/Articles/ACT_logo-live-events(1198x249.html]
[www.eact.eu/Core/Images/Articles/ACTA_fourht-anniversary(1198x249.html]
[www.eact.eu/Core/Images/Articles/EACT_ESG-FM_article(1198x249.html]
[www.eact.eu/Core/Images/Articles/Emir_article(1198x249.html]
[www.eact.eu/Core/Images/Articles/ACT_mindfulness-article(1198x249.html]
[www.eact.eu/Core/Images/Articles/EACT News Nov 21 - PCTA event(1198x249.html]
[www.eact.eu/Core/Images/Articles/SCTA_Article-image(1198x249.html]
[www.eact.eu/Core/Images/Articles/EACT News Nov 21 - UK ACT(1198x249.html]
[www.eact.eu/Core/Images/Articles/HAT_article_Nov21(1198x249.html]
[www.eact.eu/Core/Images/Articles/VDT_Treasury-day_2021(1198x249.html]
[www.eact.eu/Core/Images/Articles/CEE-Forum_EACT(1198x249.html]
[www.eact.eu/Core/Images/Articles/AFTE-annual-conference(1998x249.html]
[www.eact.eu/Core/Images/Articles/EACT_Fuel(1198x249.html]
[www.eact.eu/Core/Images/Articles/deeper-focus_eact(1198x249.html]
[www.eact.eu/Core/Images/Articles/prioritisation_EACT(1198x249.html]
[www.eact.eu/Core/Images/Articles/EACT_New-normal(1198x249.html]
[www.eact.eu/Core/Images/Articles/Czech_EACT-article(1198x249.html]
[www.eact.eu/Core/Images/Articles/EACT_webinar_Sept-21(1198x249.html]
[www.eact.eu/Core/Images/Articles/VDT_summerschool(1198x249.html]
[www.eact.eu/Core/Images/Articles/london_skyline(1198x2249.html]
[www.eact.eu/Core/Images/Articles/SITA_Jun21(1198x249.html]
[www.eact.eu/Core/Images/Articles/LIBOR_TMI-EACT(1198x249.html]
[www.eact.eu/Core/Images/Articles/crisis-coping-strategies(1000x667.html]
[www.eact.eu/Core/Images/Articles/EACT_exotic-payments(1000x667.html]
[www.eact.eu/Core/Images/Articles/SITA(1500x745.html]
[www.eact.eu/Core/Images/Articles/gleif-article_eact(mar21.html]
[www.eact.eu/Core/Images/Articles/regulatory-round-up_EACT(Mar21.html]
[www.eact.eu/Core/Images/Articles/cdbc-central-bank-digital-currencies(1500x745.html]
[www.eact.eu/Core/Images/Articles/fx-risk-blog-eact(1000x627.html]
[www.eact.eu/Core/Images/Articles/tms-eact-nov-20(1000x667.html]
[www.eact.eu/Core/Images/Articles/cybersecurity-eact-nov-20(1000x667.html]
[www.eact.eu/Core/Images/Articles/rop-eact-nov20(1000x667.html]
[www.eact.eu/Core/Images/Articles/eact-libor-nov-20(1000x667.html]
[www.eact.eu/Core/Images/Articles/jms-interview(1000x627.html]
[www.eact.eu/Core/Images/Articles/vdt(1198x405.html]
[www.eact.eu/articles/european-treasurers-join-forces/secretary@eact.html]
[eact.eu/Core/Images/september newsletter/jtt-newsletter-image.html]
[eact.eu/Core/Images/september newsletter/financial-reg-eact-jpg (1198x249).html]
[eact.eu/Core/Images/september newsletter/eact-virtual-communication (1198x249).html]
[eact.eu/Core/Images/september newsletter/tax-eact-sept-20 (1198x249).html]
[eact.eu/Core/Images/september newsletter/vdt-pmf (1198x249).html]
[eact.eu/Core/Images/september newsletter/move-to-digitisation-eact (1198x249).html]
[eact.eu/Core/Images/september newsletter/vdt(1198x405).html]
[eact.eu/Core/Images/newsletter/JTT_2020 - Une.html]
[eact.eu/Core/Images/newsletter/eact-newsletter-template(100%).html]
[www.eact.eu/docs/EACT_MiFID_II_ESMA_March12.html]
[www.eact.eu/event/102/eact-summit-2024/www.eact.eu/Core/Images/Events/eact-summit-24-480-337.html]
[www.eact.eu/event/87/eact-in-action-online-payment-fraud-how-confirmation-of-payee-can-help-corporate-treasurers/www.eact.eu/Core/Images/Events/shutterstock_1975385489_480x337.html]
[www.eact.eu/event/78/eact-in-action-fraud-prevention-and-the-role-of-treasury/www.eact.eu/Core/Images/Events/shutterstock_1703415496_480x337-.html]
[www.eact.eu/event/73/eact-in-action-kyc-webinar/www.eact.eu/Core/Images/Events/EACT-webinar_news-image480x337.html]
[www.eact.eu/event/77/eact-lma-webinar-libor-transition-amp-reference-rate-reform-2020/www.eact.eu/Core/Images/Events/EACT_logo_website_event-480x337-3.html]
[www.eact.eu/Core/Images/Events/lma-eact-webinar-capture(1000x552.html]
[www.eact.eu/event/67/gleif-eact-webinar-accelerating-digitisation-of-treasury-with-the-lei/www.eact.eu/Core/Images/Events/EACT_logo_website_event-480x337-3.html]
